Archive member included to satisfy reference by file (symbol)

c:\users\drew\Documents\Atmel Studio\7.0\usb_hid_i2c\usb_hid_i2c\ArduinoCore\Debug\libArduinoCore.a(HardwareSerial.o)
                              Sketch.o (_ZN14HardwareSerial5beginEmh)
c:\users\drew\Documents\Atmel Studio\7.0\usb_hid_i2c\usb_hid_i2c\ArduinoCore\Debug\libArduinoCore.a(HardwareSerial0.o)
                              Sketch.o (Serial)
c:\users\drew\Documents\Atmel Studio\7.0\usb_hid_i2c\usb_hid_i2c\ArduinoCore\Debug\libArduinoCore.a(main.o)
                              C:/Program Files (x86)/Atmel/Studio/7.0/Packs/Atmel/ATmega_DFP/1.3.300/gcc/dev/atmega328p/avr5/crtatmega328p.o (main)
c:\users\drew\Documents\Atmel Studio\7.0\usb_hid_i2c\usb_hid_i2c\ArduinoCore\Debug\libArduinoCore.a(Print.o)
                              c:\users\drew\Documents\Atmel Studio\7.0\usb_hid_i2c\usb_hid_i2c\ArduinoCore\Debug\libArduinoCore.a(HardwareSerial.o) (_ZN5Print5writeEPKhj)
c:\users\drew\Documents\Atmel Studio\7.0\usb_hid_i2c\usb_hid_i2c\ArduinoCore\Debug\libArduinoCore.a(wiring.o)
                              Sketch.o (millis)
c:\users\drew\Documents\Atmel Studio\7.0\usb_hid_i2c\usb_hid_i2c\ArduinoCore\Debug\libArduinoCore.a(wiring_digital.o)
                              Sketch.o (pinMode)
c:\users\drew\Documents\Atmel Studio\7.0\usb_hid_i2c\usb_hid_i2c\ArduinoCore\Debug\libArduinoCore.a(cQueue.o)
                              Sketch.o (q_init)
c:\users\drew\Documents\Atmel Studio\7.0\usb_hid_i2c\usb_hid_i2c\ArduinoCore\Debug\libArduinoCore.a(pb_encode.o)
                              Sketch.o (pb_ostream_from_buffer)
c:\users\drew\Documents\Atmel Studio\7.0\usb_hid_i2c\usb_hid_i2c\ArduinoCore\Debug\libArduinoCore.a(SPI.o)
                              Sketch.o (_ZN8SPIClass5beginEv)
c:\users\drew\Documents\Atmel Studio\7.0\usb_hid_i2c\usb_hid_i2c\ArduinoCore\Debug\libArduinoCore.a(hidboot.o)
                              Sketch.o (_ZN17MouseReportParser5ParseEP6USBHIDbhPh)
c:\users\drew\Documents\Atmel Studio\7.0\usb_hid_i2c\usb_hid_i2c\ArduinoCore\Debug\libArduinoCore.a(parsetools.o)
                              Sketch.o (_ZN20MultiByteValueParser5ParseEPPhPj)
c:\users\drew\Documents\Atmel Studio\7.0\usb_hid_i2c\usb_hid_i2c\ArduinoCore\Debug\libArduinoCore.a(Usb.o)
                              Sketch.o (_ZN3USBC1Ev)
c:\users\drew\Documents\Atmel Studio\7.0\usb_hid_i2c\usb_hid_i2c\ArduinoCore\Debug\libArduinoCore.a(usbhid.o)
                              Sketch.o (_ZN6USBHID14GetReportDescrEjP13USBReadParser)
c:\users\drew\Documents\Atmel Studio\7.0\usb_hid_i2c\usb_hid_i2c\ArduinoCore\Debug\libArduinoCore.a(usbhub.o)
                              Sketch.o (_ZN6USBHubC1EP3USB)
c:\users\drew\Documents\Atmel Studio\7.0\usb_hid_i2c\usb_hid_i2c\ArduinoCore\Debug\libArduinoCore.a(Wire.o)
                              Sketch.o (_ZN7TwoWire5writeEPKhj)
c:\users\drew\Documents\Atmel Studio\7.0\usb_hid_i2c\usb_hid_i2c\ArduinoCore\Debug\libArduinoCore.a(abi.o)
                              c:\users\drew\Documents\Atmel Studio\7.0\usb_hid_i2c\usb_hid_i2c\ArduinoCore\Debug\libArduinoCore.a(Print.o) (__cxa_pure_virtual)
c:\users\drew\Documents\Atmel Studio\7.0\usb_hid_i2c\usb_hid_i2c\ArduinoCore\Debug\libArduinoCore.a(hooks.o)
                              c:\users\drew\Documents\Atmel Studio\7.0\usb_hid_i2c\usb_hid_i2c\ArduinoCore\Debug\libArduinoCore.a(wiring.o) (yield)
c:\users\drew\Documents\Atmel Studio\7.0\usb_hid_i2c\usb_hid_i2c\ArduinoCore\Debug\libArduinoCore.a(pb_common.o)
                              c:\users\drew\Documents\Atmel Studio\7.0\usb_hid_i2c\usb_hid_i2c\ArduinoCore\Debug\libArduinoCore.a(pb_encode.o) (pb_field_iter_begin)
c:\users\drew\Documents\Atmel Studio\7.0\usb_hid_i2c\usb_hid_i2c\ArduinoCore\Debug\libArduinoCore.a(twi.o)
                              c:\users\drew\Documents\Atmel Studio\7.0\usb_hid_i2c\usb_hid_i2c\ArduinoCore\Debug\libArduinoCore.a(Wire.o) (twi_init)
c:/program files (x86)/atmel/studio/7.0/toolchain/avr8/avr8-gnu-toolchain/bin/../lib/gcc/avr/5.4.0/../../../../avr/lib/avr5\libm.a(addsf3.o)
                              c:\users\drew\Documents\Atmel Studio\7.0\usb_hid_i2c\usb_hid_i2c\ArduinoCore\Debug\libArduinoCore.a(Print.o) (__subsf3)
c:/program files (x86)/atmel/studio/7.0/toolchain/avr8/avr8-gnu-toolchain/bin/../lib/gcc/avr/5.4.0/../../../../avr/lib/avr5\libm.a(addsf3x.o)
                              c:/program files (x86)/atmel/studio/7.0/toolchain/avr8/avr8-gnu-toolchain/bin/../lib/gcc/avr/5.4.0/../../../../avr/lib/avr5\libm.a(addsf3.o) (__addsf3x)
c:/program files (x86)/atmel/studio/7.0/toolchain/avr8/avr8-gnu-toolchain/bin/../lib/gcc/avr/5.4.0/../../../../avr/lib/avr5\libm.a(cmpsf2.o)
                              c:\users\drew\Documents\Atmel Studio\7.0\usb_hid_i2c\usb_hid_i2c\ArduinoCore\Debug\libArduinoCore.a(Print.o) (__ltsf2)
c:/program files (x86)/atmel/studio/7.0/toolchain/avr8/avr8-gnu-toolchain/bin/../lib/gcc/avr/5.4.0/../../../../avr/lib/avr5\libm.a(divsf3.o)
[...]
Memory Configuration

Name             Origin             Length             Attributes
text             0x00000000         0x00020000         xr
data             0x00800060         0x0000ffa0         rw !x
eeprom           0x00810000         0x00010000         rw !x
fuse             0x00820000         0x00000003         rw !x
lock             0x00830000         0x00000400         rw !x
signature        0x00840000         0x00000400         rw !x
user_signatures  0x00850000         0x00000400         rw !x
*default*        0x00000000         0xffffffff

Linker script and memory map

Address of section .data set to 0x800100
LOAD C:/Program Files (x86)/Atmel/Studio/7.0/Packs/Atmel/ATmega_DFP/1.3.300/gcc/dev/atmega328p/avr5/crtatmega328p.o
LOAD hid.pb.o
LOAD Sketch.o
START GROUP
LOAD c:/program files (x86)/atmel/studio/7.0/toolchain/avr8/avr8-gnu-toolchain/bin/../lib/gcc/avr/5.4.0/../../../../avr/lib/avr5\libm.a
LOAD c:\users\drew\Documents\Atmel Studio\7.0\usb_hid_i2c\usb_hid_i2c\ArduinoCore\Debug\libArduinoCore.a
END GROUP
LOAD c:/program files (x86)/atmel/studio/7.0/toolchain/avr8/avr8-gnu-toolchain/bin/../lib/gcc/avr/5.4.0/avr5\libgcc.a
LOAD c:/program files (x86)/atmel/studio/7.0/toolchain/avr8/avr8-gnu-toolchain/bin/../lib/gcc/avr/5.4.0/../../../../avr/lib/avr5\libm.a
START GROUP
LOAD c:/program files (x86)/atmel/studio/7.0/toolchain/avr8/avr8-gnu-toolchain/bin/../lib/gcc/avr/5.4.0/avr5\libgcc.a
LOAD c:/program files (x86)/atmel/studio/7.0/toolchain/avr8/avr8-gnu-toolchain/bin/../lib/gcc/avr/5.4.0/../../../../avr/lib/avr5\libm.a
LOAD c:/program files (x86)/atmel/studio/7.0/toolchain/avr8/avr8-gnu-toolchain/bin/../lib/gcc/avr/5.4.0/../../../../avr/lib/avr5\libc.a
LOAD C:/Program Files (x86)/Atmel/Studio/7.0/Packs/Atmel/ATmega_DFP/1.3.300/gcc/dev/atmega328p/avr5\libatmega328p.a
END GROUP
                0x00020000                __TEXT_REGION_LENGTH__ = DEFINED (__TEXT_REGION_LENGTH__)?__TEXT_REGION_LENGTH__:0x20000
                0x0000ffa0                __DATA_REGION_LENGTH__ = DEFINED (__DATA_REGION_LENGTH__)?__DATA_REGION_LENGTH__:0xffa0
                0x00010000                __EEPROM_REGION_LENGTH__ = DEFINED (__EEPROM_REGION_LENGTH__)?__EEPROM_REGION_LENGTH__:0x10000
                [0x00000003]                __FUSE_REGION_LENGTH__ = DEFINED (__FUSE_REGION_LENGTH__)?__FUSE_REGION_LENGTH__:0x400
                0x00000400                __LOCK_REGION_LENGTH__ = DEFINED (__LOCK_REGION_LENGTH__)?__LOCK_REGION_LENGTH__:0x400
                0x00000400                __SIGNATURE_REGION_LENGTH__ = DEFINED (__SIGNATURE_REGION_LENGTH__)?__SIGNATURE_REGION_LENGTH__:0x400
                0x00000400                __USER_SIGNATURE_REGION_LENGTH__ = DEFINED (__USER_SIGNATURE_REGION_LENGTH__)?__USER_SIGNATURE_REGION_LENGTH__:0x400

.hash
 *(.hash)

.dynsym
 *(.dynsym)

.dynstr
 *(.dynstr)

.gnu.version
 *(.gnu.version)

.gnu.version_d
 *(.gnu.version_d)

.gnu.version_r
 *(.gnu.version_r)

.rel.init
 *(.rel.init)

.rela.init
 *(.rela.init)

.rel.text
 *(.rel.text)
 *(.rel.text.*)
 *(.rel.gnu.linkonce.t*)

.rela.text
 *(.rela.text)
 *(.rela.text.*)
 *(.rela.gnu.linkonce.t*)

.rel.fini
 *(.rel.fini)

.rela.fini
 *(.rela.fini)

.rel.rodata
 *(.rel.rodata)
 *(.rel.rodata.*)
 *(.rel.gnu.linkonce.r*)

.rela.rodata
 *(.rela.rodata)
 *(.rela.rodata.*)
 *(.rela.gnu.linkonce.r*)

.rel.data
 *(.rel.data)
 *(.rel.data.*)
 *(.rel.gnu.linkonce.d*)

.rela.data
 *(.rela.data)
 *(.rela.data.*)
 *(.rela.gnu.linkonce.d*)

.rel.ctors
 *(.rel.ctors)

.rela.ctors
 *(.rela.ctors)

.rel.dtors
 *(.rel.dtors)

.rela.dtors
 *(.rela.dtors)

.rel.got
 *(.rel.got)

.rela.got
 *(.rela.got)

.rel.bss
 *(.rel.bss)

.rela.bss
 *(.rela.bss)

.rel.plt
 *(.rel.plt)

.rela.plt
 *(.rela.plt)

.text           0x00000000     0x4af8
 *(.vectors)
 .vectors       0x00000000       0x68 C:/Program Files (x86)/Atmel/Studio/7.0/Packs/Atmel/ATmega_DFP/1.3.300/gcc/dev/atmega328p/avr5/crtatmega328p.o
                0x00000000                __vector_default
                0x00000000                __vectors
 *(.vectors)
 *(.progmem.gcc*)
 .progmem.gcc_sw_table.pb_encode_tag_for_field
                0x00000068       0x14 c:\users\drew\Documents\Atmel Studio\7.0\usb_hid_i2c\usb_hid_i2c\ArduinoCore\Debug\libArduinoCore.a(pb_encode.o)
                0x0000007c                . = ALIGN (0x2)
                0x0000007c                __trampolines_start = .
 *(.trampolines)
 .trampolines   0x0000007c        0x0 linker stubs
 *(.trampolines*)
                0x0000007c                __trampolines_end = .
 *libprintf_flt.a:*(.progmem.data)
 *libc.a:*(.progmem.data)
 *(.progmem*)
 .progmem.data.digital_pin_to_timer_PGM
                0x0000007c       0x14 c:\users\drew\Documents\Atmel Studio\7.0\usb_hid_i2c\usb_hid_i2c\ArduinoCore\Debug\libArduinoCore.a(wiring_digital.o)
                0x0000007c                digital_pin_to_timer_PGM
 .progmem.data.digital_pin_to_bit_mask_PGM
                0x00000090       0x14 c:\users\drew\Documents\Atmel Studio\7.0\usb_hid_i2c\usb_hid_i2c\ArduinoCore\Debug\libArduinoCore.a(wiring_digital.o)
                0x00000090                digital_pin_to_bit_mask_PGM
 .progmem.data.digital_pin_to_port_PGM
                0x000000a4       0x14 c:\users\drew\Documents\Atmel Studio\7.0\usb_hid_i2c\usb_hid_i2c\ArduinoCore\Debug\libArduinoCore.a(wiring_digital.o)
                0x000000a4                digital_pin_to_port_PGM
 .progmem.data.port_to_output_PGM
                0x000000b8        0xa c:\users\drew\Documents\Atmel Studio\7.0\usb_hid_i2c\usb_hid_i2c\ArduinoCore\Debug\libArduinoCore.a(wiring_digital.o)
                0x000000b8                port_to_output_PGM
 .progmem.data.port_to_mode_PGM
                0x000000c2        0xa c:\users\drew\Documents\Atmel Studio\7.0\usb_hid_i2c\usb_hid_i2c\ArduinoCore\Debug\libArduinoCore.a(wiring_digital.o)
                0x000000c2                port_to_mode_PGM
                0x000000cc                . = ALIGN (0x2)
 *(.jumptables)
 *(.jumptables*)
 *(.lowtext)
 *(.lowtext*)
                0x000000cc                __ctors_start = .
 *(.ctors)
 .ctors         0x000000cc        0x2 Sketch.o
 .ctors         0x000000ce        0x2 c:\users\drew\Documents\Atmel Studio\7.0\usb_hid_i2c\usb_hid_i2c\ArduinoCore\Debug\libArduinoCore.a(HardwareSerial0.o)
 .ctors         0x000000d0        0x2 c:\users\drew\Documents\Atmel Studio\7.0\usb_hid_i2c\usb_hid_i2c\ArduinoCore\Debug\libArduinoCore.a(Wire.o)
                0x000000d2                __ctors_end = .
                0x000000d2                __dtors_start = .
 *(.dtors)
                0x000000d2                __dtors_end = .
 SORT(*)(.ctors)
 SORT(*)(.dtors)
 *(.init0)
 .init0         0x000000d2        0x0 C:/Program Files (x86)/Atmel/Studio/7.0/Packs/Atmel/ATmega_DFP/1.3.300/gcc/dev/atmega328p/avr5/crtatmega328p.o
                0x000000d2                __init
 *(.init0)
 *(.init1)
 *(.init1)
 *(.init2)
 .init2         0x000000d2        0xc C:/Program Files (x86)/Atmel/Studio/7.0/Packs/Atmel/ATmega_DFP/1.3.300/gcc/dev/atmega328p/avr5/crtatmega328p.o
 *(.init2)
 *(.init3)
 *(.init3)
 *(.init4)
 .init4         0x000000de       0x16 c:/program files (x86)/atmel/studio/7.0/toolchain/avr8/avr8-gnu-toolchain/bin/../lib/gcc/avr/5.4.0/avr5\libgcc.a(_copy_data.o)
                0x000000de                __do_copy_data
 .init4         0x000000f4       0x10 c:/program files (x86)/atmel/studio/7.0/toolchain/avr8/avr8-gnu-toolchain/bin/../lib/gcc/avr/5.4.0/avr5\libgcc.a(_clear_bss.o)
                0x000000f4                __do_clear_bss
 *(.init4)
 *(.init5)
 *(.init5)
 *(.init6)
 .init6         0x00000104       0x16 c:/program files (x86)/atmel/studio/7.0/toolchain/avr8/avr8-gnu-toolchain/bin/../lib/gcc/avr/5.4.0/avr5\libgcc.a(_ctors.o)
                0x00000104                __do_global_ctors
 *(.init6)
 *(.init7)
 *(.init7)
 *(.init8)
 *(.init8)
 *(.init9)
 .init9         0x0000011a        0x8 C:/Program Files (x86)/Atmel/Studio/7.0/Packs/Atmel/ATmega_DFP/1.3.300/gcc/dev/atmega328p/avr5/crtatmega328p.o
 *(.init9)
 *(.text)
 .text          0x00000122        0x4 C:/Program Files (x86)/Atmel/Studio/7.0/Packs/Atmel/ATmega_DFP/1.3.300/gcc/dev/atmega328p/avr5/crtatmega328p.o
                0x00000122                __vector_22
                0x00000122                __vector_1
                0x00000122                __vector_12
                0x00000122                __bad_interrupt
                0x00000122                __vector_6
                0x00000122                __vector_3
                0x00000122                __vector_23
                0x00000122                __vector_25
                0x00000122                __vector_11
                0x00000122                __vector_13
                0x00000122                __vector_17
                0x00000122                __vector_7
                0x00000122                __vector_5
                0x00000122                __vector_4
                0x00000122                __vector_9
                0x00000122                __vector_2
                0x00000122                __vector_21
                0x00000122                __vector_15
                0x00000122                __vector_8
                0x00000122                __vector_14
                0x00000122                __vector_10
                0x00000122                __vector_20
                0x00000126                . = ALIGN (0x2)
 *(.text.*)
 .text._ZN15USBDeviceConfig15ConfigureDeviceEhhb
                0x00000126        0x4 Sketch.o
                0x00000126                _ZN15USBDeviceConfig15ConfigureDeviceEhhb
 .text._ZN15USBDeviceConfig12ResetHubPortEh
                0x0000012a        0x2 Sketch.o
                0x0000012a                _ZN15USBDeviceConfig12ResetHubPortEh
 .text._ZN15USBDeviceConfig8VIDPIDOKEjj
                0x0000012c        0x4 Sketch.o
                0x0000012c                _ZN15USBDeviceConfig8VIDPIDOKEjj
 .text._ZN15USBDeviceConfig13DEVSUBCLASSOKEh
                0x00000130        0x4 Sketch.o
                0x00000130                _ZN15USBDeviceConfig13DEVSUBCLASSOKEh
 .text._ZN7HIDBootILh2EE15SetReportParserEhP15HIDReportParser
                0x00000134       0x12 Sketch.o
                0x00000134                _ZN7HIDBootILh2EE15SetReportParserEhP15HIDReportParser
 .text._ZN7HIDBootILh2EE7ReleaseEv
                0x00000146       0x36 Sketch.o
                0x00000146                _ZN7HIDBootILh2EE7ReleaseEv
 .text._ZN7HIDBootILh2EE10GetAddressEv
                0x0000017c        0x6 Sketch.o
                0x0000017c                _ZN7HIDBootILh2EE10GetAddressEv
 .text._ZN7HIDBootILh2EE10DEVCLASSOKEh
                0x00000182        0xa Sketch.o
                0x00000182                _ZN7HIDBootILh2EE10DEVCLASSOKEh
 .text._ZN7HIDBootILh2EE13DEVSUBCLASSOKEh
                0x0000018c        0xa Sketch.o
                0x0000018c                _ZN7HIDBootILh2EE13DEVSUBCLASSOKEh
 .text._ZN7HIDBootILh2EE15GetReportParserEh
                0x00000196       0x10 Sketch.o
                0x00000196                _ZN7HIDBootILh2EE15GetReportParserEh
 .text._ZN7HIDBootILh2EE7isReadyEv
                0x000001a6        0x6 Sketch.o
                0x000001a6                _ZN7HIDBootILh2EE7isReadyEv
 .text._ZN7HIDBootILh2EE14EndpointXtractEhhhhPK23USB_ENDPOINT_DESCRIPTOR
                0x000001ac       0x86 Sketch.o
                0x000001ac                _ZN7HIDBootILh2EE14EndpointXtractEhhhhPK23USB_ENDPOINT_DESCRIPTOR
                0x0000021e                _ZThn2_N7HIDBootILh2EE14EndpointXtractEhhhhPK23USB_ENDPOINT_DESCRIPTOR
 .text._ZN10SinkParserI13USBReadParserjjE5ParseEjPKhRKj
                0x00000232        0x2 Sketch.o
                0x00000232                _ZN10SinkParserI13USBReadParserjjE5ParseEjPKhRKj
 .text._ZN7HIDBootILh2EE4PollEv
                0x00000234       0xe2 Sketch.o
                0x00000234                _ZN7HIDBootILh2EE4PollEv
 .text._ZN7HIDBootILh2EE4InitEhhb
                0x00000316      0x2be Sketch.o
                0x00000316                _ZN7HIDBootILh2EE4InitEhhb
 .text._ZN16ConfigDescParserILh3ELh1ELh2ELh7EE5ParseEjPKhRKj
                0x000005d4      0x286 Sketch.o
                0x000005d4                _ZN16ConfigDescParserILh3ELh1ELh2ELh7EE5ParseEjPKhRKj
 .text._ZN8SPIClass14endTransactionEv.part.3
                0x0000085a       0x1a Sketch.o
 .text._ZL17push_mouse_updateP12_MouseUpdate.constprop.14
                0x00000874       0xdc Sketch.o
 .text._ZN14MouseRptParser18OnMiddleButtonDownEP9MOUSEINFO
                0x00000950       0x18 Sketch.o
                0x00000950                _ZN14MouseRptParser18OnMiddleButtonDownEP9MOUSEINFO
 .text._ZN14MouseRptParser16OnMiddleButtonUpEP9MOUSEINFO
                0x00000968       0x14 Sketch.o
                0x00000968                _ZN14MouseRptParser16OnMiddleButtonUpEP9MOUSEINFO
 .text._ZN14MouseRptParser17OnRightButtonDownEP9MOUSEINFO
                0x0000097c       0x18 Sketch.o
                0x0000097c                _ZN14MouseRptParser17OnRightButtonDownEP9MOUSEINFO
 .text._ZN14MouseRptParser15OnRightButtonUpEP9MOUSEINFO
                0x00000994       0x14 Sketch.o
                0x00000994                _ZN14MouseRptParser15OnRightButtonUpEP9MOUSEINFO
 .text._ZN14MouseRptParser16OnLeftButtonDownEP9MOUSEINFO
                0x000009a8       0x16 Sketch.o
                0x000009a8                _ZN14MouseRptParser16OnLeftButtonDownEP9MOUSEINFO
 .text._ZN14MouseRptParser14OnLeftButtonUpEP9MOUSEINFO
                0x000009be       0x12 Sketch.o
                0x000009be                _ZN14MouseRptParser14OnLeftButtonUpEP9MOUSEINFO
 .text._ZN14MouseRptParser11OnMouseMoveEP9MOUSEINFO
                0x000009d0       0x2c Sketch.o
                0x000009d0                _ZN14MouseRptParser11OnMouseMoveEP9MOUSEINFO
 .text._ZN8SPIClass16beginTransactionE11SPISettings
                0x000009fc       0x34 Sketch.o
                0x000009fc                _ZN8SPIClass16beginTransactionE11SPISettings
 .text.loop     0x00000a30       0x20 Sketch.o
                0x00000a30                loop
 .text._ZN4TPinI5PortbLh2EE3SetEv
                0x00000a50        0x4 Sketch.o
                0x00000a50                _ZN4TPinI5PortbLh2EE3SetEv
 .text._ZN8MAX3421eI4TPinI5PortbLh2EES0_IS1_Lh1EEE5regRdEh.isra.5
                0x00000a54       0x3a Sketch.o
 .text._ZN8MAX3421eI4TPinI5PortbLh2EES0_IS1_Lh1EEE5regWrEhh.isra.6
                0x00000a8e       0x42 Sketch.o
 .text._ZN8MAX3421eI4TPinI5PortbLh2EES0_IS1_Lh1EEE8busprobeEv
                0x00000ad0       0x60 Sketch.o
                0x00000ad0                _ZN8MAX3421eI4TPinI5PortbLh2EES0_IS1_Lh1EEE8busprobeEv
 .text._ZN8MAX3421eI4TPinI5PortbLh2EES0_IS1_Lh1EEE4InitEv
                0x00000b30       0x94 Sketch.o
                0x00000b30                _ZN8MAX3421eI4TPinI5PortbLh2EES0_IS1_Lh1EEE4InitEv
 .text.setup    0x00000bc4       0x8e Sketch.o
                0x00000bc4                setup
 .text.startup._GLOBAL__sub_I_resetFunc
                0x00000c52       0xbe Sketch.o
 .text._Z12requestEventv
                0x00000d10       0x60 Sketch.o
                0x00000d10                _Z12requestEventv
 .text._ZN14HardwareSerial9availableEv
                0x00000d70       0x18 c:\users\drew\Documents\Atmel Studio\7.0\usb_hid_i2c\usb_hid_i2c\ArduinoCore\Debug\libArduinoCore.a(HardwareSerial.o)
                0x00000d70                _ZN14HardwareSerial9availableEv
 .text._ZN14HardwareSerial4peekEv
                0x00000d88       0x1c c:\users\drew\Documents\Atmel Studio\7.0\usb_hid_i2c\usb_hid_i2c\ArduinoCore\Debug\libArduinoCore.a(HardwareSerial.o)
                0x00000d88                _ZN14HardwareSerial4peekEv
 .text._ZN14HardwareSerial4readEv
                0x00000da4       0x28 c:\users\drew\Documents\Atmel Studio\7.0\usb_hid_i2c\usb_hid_i2c\ArduinoCore\Debug\libArduinoCore.a(HardwareSerial.o)
                0x00000da4                _ZN14HardwareSerial4readEv
 .text._Z14serialEventRunv
                0x00000dcc       0x1c c:\users\drew\Documents\Atmel Studio\7.0\usb_hid_i2c\usb_hid_i2c\ArduinoCore\Debug\libArduinoCore.a(HardwareSerial.o)
                0x00000dcc                _Z14serialEventRunv
 .text._ZN14HardwareSerial17_tx_udr_empty_irqEv
                0x00000de8       0x42 c:\users\drew\Documents\Atmel Studio\7.0\usb_hid_i2c\usb_hid_i2c\ArduinoCore\Debug\libArduinoCore.a(HardwareSerial.o)
                0x00000de8                _ZN14HardwareSerial17_tx_udr_empty_irqEv
 .text._ZN14HardwareSerial5writeEh
                0x00000e2a       0x8e c:\users\drew\Documents\Atmel Studio\7.0\usb_hid_i2c\usb_hid_i2c\ArduinoCore\Debug\libArduinoCore.a(HardwareSerial.o)
                0x00000e2a                _ZN14HardwareSerial5writeEh
 .text._ZN14HardwareSerial5flushEv
                0x00000eb8       0x44 c:\users\drew\Documents\Atmel Studio\7.0\usb_hid_i2c\usb_hid_i2c\ArduinoCore\Debug\libArduinoCore.a(HardwareSerial.o)
                0x00000eb8                _ZN14HardwareSerial5flushEv
 .text._ZN14HardwareSerial5beginEmh
                0x00000efc       0xc0 c:\users\drew\Documents\Atmel Studio\7.0\usb_hid_i2c\usb_hid_i2c\ArduinoCore\Debug\libArduinoCore.a(HardwareSerial.o)
                0x00000efc                _ZN14HardwareSerial5beginEmh
 .text.__vector_18
                0x00000fbc       0x64 c:\users\drew\Documents\Atmel Studio\7.0\usb_hid_i2c\usb_hid_i2c\ArduinoCore\Debug\libArduinoCore.a(HardwareSerial0.o)
                0x00000fbc                __vector_18
 .text.__vector_19
                0x00001020       0x4c c:\users\drew\Documents\Atmel Studio\7.0\usb_hid_i2c\usb_hid_i2c\ArduinoCore\Debug\libArduinoCore.a(HardwareSerial0.o)
                0x00001020                __vector_19
 .text._Z17Serial0_availablev
                0x0000106c       0x14 c:\users\drew\Documents\Atmel Studio\7.0\usb_hid_i2c\usb_hid_i2c\ArduinoCore\Debug\libArduinoCore.a(HardwareSerial0.o)
                0x0000106c                _Z17Serial0_availablev
 .text.startup._GLOBAL__sub_I___vector_18
                0x00001080       0x5a c:\users\drew\Documents\Atmel Studio\7.0\usb_hid_i2c\usb_hid_i2c\ArduinoCore\Debug\libArduinoCore.a(HardwareSerial0.o)
 .text.initVariant
                0x000010da        0x2 c:\users\drew\Documents\Atmel Studio\7.0\usb_hid_i2c\usb_hid_i2c\ArduinoCore\Debug\libArduinoCore.a(main.o)
                0x000010da                initVariant
 .text.startup.main
                0x000010dc       0x1e c:\users\drew\Documents\Atmel Studio\7.0\usb_hid_i2c\usb_hid_i2c\ArduinoCore\Debug\libArduinoCore.a(main.o)
                0x000010dc                main
 .text._ZN5Print5writeEPKhj
                0x000010fa       0x54 c:\users\drew\Documents\Atmel Studio\7.0\usb_hid_i2c\usb_hid_i2c\ArduinoCore\Debug\libArduinoCore.a(Print.o)
                0x000010fa                _ZN5Print5writeEPKhj
 .text._ZN5Print5writeEPKc
                0x0000114e       0x2a c:\users\drew\Documents\Atmel Studio\7.0\usb_hid_i2c\usb_hid_i2c\ArduinoCore\Debug\libArduinoCore.a(Print.o)
                0x0000114e                _ZN5Print5writeEPKc
 .text._ZN5Print7printlnEv
                0x00001178        0x8 c:\users\drew\Documents\Atmel Studio\7.0\usb_hid_i2c\usb_hid_i2c\ArduinoCore\Debug\libArduinoCore.a(Print.o)
                0x00001178                _ZN5Print7printlnEv
 .text._ZN5Print7printlnEPKc
                0x00001180       0x24 c:\users\drew\Documents\Atmel Studio\7.0\usb_hid_i2c\usb_hid_i2c\ArduinoCore\Debug\libArduinoCore.a(Print.o)
                0x00001180                _ZN5Print7printlnEPKc
 .text.__vector_16
                0x000011a4       0x94 c:\users\drew\Documents\Atmel Studio\7.0\usb_hid_i2c\usb_hid_i2c\ArduinoCore\Debug\libArduinoCore.a(wiring.o)
                0x000011a4                __vector_16
 .text.millis   0x00001238       0x18 c:\users\drew\Documents\Atmel Studio\7.0\usb_hid_i2c\usb_hid_i2c\ArduinoCore\Debug\libArduinoCore.a(wiring.o)
                0x00001238                millis
 .text.micros   0x00001250       0x4a c:\users\drew\Documents\Atmel Studio\7.0\usb_hid_i2c\usb_hid_i2c\ArduinoCore\Debug\libArduinoCore.a(wiring.o)
                0x00001250                micros
 .text.delay    0x0000129a       0x78 c:\users\drew\Documents\Atmel Studio\7.0\usb_hid_i2c\usb_hid_i2c\ArduinoCore\Debug\libArduinoCore.a(wiring.o)
                0x0000129a                delay
 .text.init     0x00001312       0x76 c:\users\drew\Documents\Atmel Studio\7.0\usb_hid_i2c\usb_hid_i2c\ArduinoCore\Debug\libArduinoCore.a(wiring.o)
                0x00001312                init
 .text.turnOffPWM
                0x00001388       0x52 c:\users\drew\Documents\Atmel Studio\7.0\usb_hid_i2c\usb_hid_i2c\ArduinoCore\Debug\libArduinoCore.a(wiring_digital.o)
 .text.pinMode  0x000013da       0x78 c:\users\drew\Documents\Atmel Studio\7.0\usb_hid_i2c\usb_hid_i2c\ArduinoCore\Debug\libArduinoCore.a(wiring_digital.o)
                0x000013da                pinMode
 .text.digitalWrite
                0x00001452       0x5e c:\users\drew\Documents\Atmel Studio\7.0\usb_hid_i2c\usb_hid_i2c\ArduinoCore\Debug\libArduinoCore.a(wiring_digital.o)
                0x00001452                digitalWrite
 .text.q_kill   0x000014b0       0x22 c:\users\drew\Documents\Atmel Studio\7.0\usb_hid_i2c\usb_hid_i2c\ArduinoCore\Debug\libArduinoCore.a(cQueue.o)
                0x000014b0                q_kill
 .text.q_init   0x000014d2       0x80 c:\users\drew\Documents\Atmel Studio\7.0\usb_hid_i2c\usb_hid_i2c\ArduinoCore\Debug\libArduinoCore.a(cQueue.o)
                0x000014d2                q_init
 .text.q_push   0x00001552       0x9e c:\users\drew\Documents\Atmel Studio\7.0\usb_hid_i2c\usb_hid_i2c\ArduinoCore\Debug\libArduinoCore.a(cQueue.o)
                0x00001552                q_push
 .text.q_pop    0x000015f0       0xae c:\users\drew\Documents\Atmel Studio\7.0\usb_hid_i2c\usb_hid_i2c\ArduinoCore\Debug\libArduinoCore.a(cQueue.o)
                0x000015f0                q_pop
 .text.buf_write
                0x0000169e       0x26 c:\users\drew\Documents\Atmel Studio\7.0\usb_hid_i2c\usb_hid_i2c\ArduinoCore\Debug\libArduinoCore.a(pb_encode.o)
 .text.pb_check_proto3_default_value
                0x000016c4       0xce c:\users\drew\Documents\Atmel Studio\7.0\usb_hid_i2c\usb_hid_i2c\ArduinoCore\Debug\libArduinoCore.a(pb_encode.o)
 .text.pb_ostream_from_buffer
                0x00001792       0x1e c:\users\drew\Documents\Atmel Studio\7.0\usb_hid_i2c\usb_hid_i2c\ArduinoCore\Debug\libArduinoCore.a(pb_encode.o)
                0x00001792                pb_ostream_from_buffer
 .text.pb_write
                0x000017b0       0x6e c:\users\drew\Documents\Atmel Studio\7.0\usb_hid_i2c\usb_hid_i2c\ArduinoCore\Debug\libArduinoCore.a(pb_encode.o)
                0x000017b0                pb_write
 .text.pb_encode_varint
                0x0000181e       0xf6 c:\users\drew\Documents\Atmel Studio\7.0\usb_hid_i2c\usb_hid_i2c\ArduinoCore\Debug\libArduinoCore.a(pb_encode.o)
                0x0000181e                pb_encode_varint
 .text.pb_enc_uvarint
                0x00001914       0x9e c:\users\drew\Documents\Atmel Studio\7.0\usb_hid_i2c\usb_hid_i2c\ArduinoCore\Debug\libArduinoCore.a(pb_encode.o)
 .text.pb_enc_varint
                0x000019b2       0xaa c:\users\drew\Documents\Atmel Studio\7.0\usb_hid_i2c\usb_hid_i2c\ArduinoCore\Debug\libArduinoCore.a(pb_encode.o)
 .text.pb_encode_svarint
                0x00001a5c       0x7c c:\users\drew\Documents\Atmel Studio\7.0\usb_hid_i2c\usb_hid_i2c\ArduinoCore\Debug\libArduinoCore.a(pb_encode.o)
                0x00001a5c                pb_encode_svarint
 .text.pb_enc_svarint
                0x00001ad8       0xaa c:\users\drew\Documents\Atmel Studio\7.0\usb_hid_i2c\usb_hid_i2c\ArduinoCore\Debug\libArduinoCore.a(pb_encode.o)
 .text.pb_encode_fixed32
                0x00001b82       0x3a c:\users\drew\Documents\Atmel Studio\7.0\usb_hid_i2c\usb_hid_i2c\ArduinoCore\Debug\libArduinoCore.a(pb_encode.o)
                0x00001b82                pb_encode_fixed32
 .text.pb_enc_fixed32
                0x00001bbc        0x6 c:\users\drew\Documents\Atmel Studio\7.0\usb_hid_i2c\usb_hid_i2c\ArduinoCore\Debug\libArduinoCore.a(pb_encode.o)
 .text.pb_encode_fixed64
                0x00001bc2      0x116 c:\users\drew\Documents\Atmel Studio\7.0\usb_hid_i2c\usb_hid_i2c\ArduinoCore\Debug\libArduinoCore.a(pb_encode.o)
                0x00001bc2                pb_encode_fixed64
 .text.pb_enc_fixed64
                0x00001cd8        0x6 c:\users\drew\Documents\Atmel Studio\7.0\usb_hid_i2c\usb_hid_i2c\ArduinoCore\Debug\libArduinoCore.a(pb_encode.o)
 .text.pb_encode_tag
                0x00001cde       0x48 c:\users\drew\Documents\Atmel Studio\7.0\usb_hid_i2c\usb_hid_i2c\ArduinoCore\Debug\libArduinoCore.a(pb_encode.o)
                0x00001cde                pb_encode_tag
 .text.pb_encode_tag_for_field
                0x00001d26       0x64 c:\users\drew\Documents\Atmel Studio\7.0\usb_hid_i2c\usb_hid_i2c\ArduinoCore\Debug\libArduinoCore.a(pb_encode.o)
                0x00001d26                pb_encode_tag_for_field
 .text.encode_field
                0x00001d8a      0x31e c:\users\drew\Documents\Atmel Studio\7.0\usb_hid_i2c\usb_hid_i2c\ArduinoCore\Debug\libArduinoCore.a(pb_encode.o)
 .text.pb_encode
                0x000020a8       0xca c:\users\drew\Documents\Atmel Studio\7.0\usb_hid_i2c\usb_hid_i2c\ArduinoCore\Debug\libArduinoCore.a(pb_encode.o)
                0x000020a8                pb_encode
 .text.pb_encode_string
                0x00002172       0x5a c:\users\drew\Documents\Atmel Studio\7.0\usb_hid_i2c\usb_hid_i2c\ArduinoCore\Debug\libArduinoCore.a(pb_encode.o)
                0x00002172                pb_encode_string
 .text.pb_enc_fixed_length_bytes
                0x000021cc        0xe c:\users\drew\Documents\Atmel Studio\7.0\usb_hid_i2c\usb_hid_i2c\ArduinoCore\Debug\libArduinoCore.a(pb_encode.o)
 .text.pb_enc_string
                0x000021da       0x44 c:\users\drew\Documents\Atmel Studio\7.0\usb_hid_i2c\usb_hid_i2c\ArduinoCore\Debug\libArduinoCore.a(pb_encode.o)
 .text.pb_enc_bytes
                0x0000221e       0x68 c:\users\drew\Documents\Atmel Studio\7.0\usb_hid_i2c\usb_hid_i2c\ArduinoCore\Debug\libArduinoCore.a(pb_encode.o)
 .text.pb_encode_submessage
                0x00002286      0x13e c:\users\drew\Documents\Atmel Studio\7.0\usb_hid_i2c\usb_hid_i2c\ArduinoCore\Debug\libArduinoCore.a(pb_encode.o)
                0x00002286                pb_encode_submessage
 .text.pb_enc_submessage
                0x000023c4       0x2c c:\users\drew\Documents\Atmel Studio\7.0\usb_hid_i2c\usb_hid_i2c\ArduinoCore\Debug\libArduinoCore.a(pb_encode.o)
 .text.pb_encode_delimited
                0x000023f0        0x4 c:\users\drew\Documents\Atmel Studio\7.0\usb_hid_i2c\usb_hid_i2c\ArduinoCore\Debug\libArduinoCore.a(pb_encode.o)
                0x000023f0                pb_encode_delimited
 .text._ZN8SPIClass5beginEv
                0x000023f4       0x6c c:\users\drew\Documents\Atmel Studio\7.0\usb_hid_i2c\usb_hid_i2c\ArduinoCore\Debug\libArduinoCore.a(SPI.o)
                0x000023f4                _ZN8SPIClass5beginEv
 .text._ZN17MouseReportParser5ParseEP6USBHIDbhPh
                0x00002460       0xc6 c:\users\drew\Documents\Atmel Studio\7.0\usb_hid_i2c\usb_hid_i2c\ArduinoCore\Debug\libArduinoCore.a(hidboot.o)
                0x00002460                _ZN17MouseReportParser5ParseEP6USBHIDbhPh
 .text._ZN20MultiByteValueParser5ParseEPPhPj
                0x00002526       0x68 c:\users\drew\Documents\Atmel Studio\7.0\usb_hid_i2c\usb_hid_i2c\ArduinoCore\Debug\libArduinoCore.a(parsetools.o)
                0x00002526                _ZN20MultiByteValueParser5ParseEPPhPj
 .text._ZN15AddressPoolImplILh16EE12AllocAddressEhbh
                0x0000258e       0xb2 c:\users\drew\Documents\Atmel Studio\7.0\usb_hid_i2c\usb_hid_i2c\ArduinoCore\Debug\libArduinoCore.a(Usb.o)
                0x0000258e                _ZN15AddressPoolImplILh16EE12AllocAddressEhbh
 .text._ZN8SPIClass8transferEPvj.part.0
                0x00002640       0x34 c:\users\drew\Documents\Atmel Studio\7.0\usb_hid_i2c\usb_hid_i2c\ArduinoCore\Debug\libArduinoCore.a(Usb.o)
 .text._ZN15AddressPoolImplILh16EE15GetUsbDevicePtrEh
                0x00002674       0x2e c:\users\drew\Documents\Atmel Studio\7.0\usb_hid_i2c\usb_hid_i2c\ArduinoCore\Debug\libArduinoCore.a(Usb.o)
                0x00002674                _ZN15AddressPoolImplILh16EE15GetUsbDevicePtrEh
 .text._ZN15AddressPoolImplILh16EE18FreeAddressByIndexEh.part.10.constprop.13
                0x000026a2       0x92 c:\users\drew\Documents\Atmel Studio\7.0\usb_hid_i2c\usb_hid_i2c\ArduinoCore\Debug\libArduinoCore.a(Usb.o)
 .text._ZN15AddressPoolImplILh16EE11FreeAddressEh
                0x00002734       0x44 c:\users\drew\Documents\Atmel Studio\7.0\usb_hid_i2c\usb_hid_i2c\ArduinoCore\Debug\libArduinoCore.a(Usb.o)
                0x00002734                _ZN15AddressPoolImplILh16EE11FreeAddressEh
 .text._ZN8SPIClass8transferEh
                0x00002778        0xe c:\users\drew\Documents\Atmel Studio\7.0\usb_hid_i2c\usb_hid_i2c\ArduinoCore\Debug\libArduinoCore.a(Usb.o)
                0x00002778                _ZN8SPIClass8transferEh
 .text._ZN8SPIClass14endTransactionEv
                0x00002786       0x22 c:\users\drew\Documents\Atmel Studio\7.0\usb_hid_i2c\usb_hid_i2c\ArduinoCore\Debug\libArduinoCore.a(Usb.o)
                0x00002786                _ZN8SPIClass14endTransactionEv
 .text._ZN3USBC2Ev
                0x000027a8       0x60 c:\users\drew\Documents\Atmel Studio\7.0\usb_hid_i2c\usb_hid_i2c\ArduinoCore\Debug\libArduinoCore.a(Usb.o)
                0x000027a8                _ZN3USBC2Ev
                0x000027a8                _ZN3USBC1Ev
 .text._ZN3USB14getEpInfoEntryEhh
                0x00002808       0x3a c:\users\drew\Documents\Atmel Studio\7.0\usb_hid_i2c\usb_hid_i2c\ArduinoCore\Debug\libArduinoCore.a(Usb.o)
                0x00002808                _ZN3USB14getEpInfoEntryEhh
 .text._ZN3USB14setEpInfoEntryEhhP6EpInfo
                0x00002842       0x3a c:\users\drew\Documents\Atmel Studio\7.0\usb_hid_i2c\usb_hid_i2c\ArduinoCore\Debug\libArduinoCore.a(Usb.o)
                0x00002842                _ZN3USB14setEpInfoEntryEhhP6EpInfo
 .text._ZN3USB13ReleaseDeviceEh
                0x0000287c       0x84 c:\users\drew\Documents\Atmel Studio\7.0\usb_hid_i2c\usb_hid_i2c\ArduinoCore\Debug\libArduinoCore.a(Usb.o)
                0x0000287c                _ZN3USB13ReleaseDeviceEh
 .text._ZN4TPinI5PortbLh2EE5ClearEv
                0x00002900        0x4 c:\users\drew\Documents\Atmel Studio\7.0\usb_hid_i2c\usb_hid_i2c\ArduinoCore\Debug\libArduinoCore.a(Usb.o)
                0x00002900                _ZN4TPinI5PortbLh2EE5ClearEv
 .text._ZN8MAX3421eI4TPinI5PortbLh2EES0_IS1_Lh1EEE5regRdEh.isra.5
                0x00002904       0x2c c:\users\drew\Documents\Atmel Studio\7.0\usb_hid_i2c\usb_hid_i2c\ArduinoCore\Debug\libArduinoCore.a(Usb.o)
 .text._ZN8MAX3421eI4TPinI5PortbLh2EES0_IS1_Lh1EEE5regWrEhh.isra.6
                0x00002930       0x46 c:\users\drew\Documents\Atmel Studio\7.0\usb_hid_i2c\usb_hid_i2c\ArduinoCore\Debug\libArduinoCore.a(Usb.o)
 .text._ZN3USB10SetAddressEhhPP6EpInfoPj
                0x00002976       0xda c:\users\drew\Documents\Atmel Studio\7.0\usb_hid_i2c\usb_hid_i2c\ArduinoCore\Debug\libArduinoCore.a(Usb.o)
                0x00002976                _ZN3USB10SetAddressEhhPP6EpInfoPj
 .text._ZN3USB11dispatchPktEhhj
                0x00002a50       0xc6 c:\users\drew\Documents\Atmel Studio\7.0\usb_hid_i2c\usb_hid_i2c\ArduinoCore\Debug\libArduinoCore.a(Usb.o)
                0x00002a50                _ZN3USB11dispatchPktEhhj
 .text._ZN3USB13AttemptConfigEhhhb
                0x00002b16      0x138 c:\users\drew\Documents\Atmel Studio\7.0\usb_hid_i2c\usb_hid_i2c\ArduinoCore\Debug\libArduinoCore.a(Usb.o)
                0x00002b16                _ZN3USB13AttemptConfigEhhhb
 .text._ZN8MAX3421eI4TPinI5PortbLh2EES0_IS1_Lh1EEE7bytesWrEhhPh.isra.7
                0x00002c4e       0x4a c:\users\drew\Documents\Atmel Studio\7.0\usb_hid_i2c\usb_hid_i2c\ArduinoCore\Debug\libArduinoCore.a(Usb.o)
 .text._ZN3USB11OutTransferEP6EpInfojjPh
                0x00002c98      0x1e6 c:\users\drew\Documents\Atmel Studio\7.0\usb_hid_i2c\usb_hid_i2c\ArduinoCore\Debug\libArduinoCore.a(Usb.o)
                0x00002c98                _ZN3USB11OutTransferEP6EpInfojjPh
 .text._ZN3USB10InTransferEP6EpInfojPjPhh
                0x00002e7e      0x1ce c:\users\drew\Documents\Atmel Studio\7.0\usb_hid_i2c\usb_hid_i2c\ArduinoCore\Debug\libArduinoCore.a(Usb.o)
                0x00002e7e                _ZN3USB10InTransferEP6EpInfojPjPhh
 .text._ZN3USB7ctrlReqEhhhhhhjjjPhP13USBReadParser
                0x0000304c      0x1c0 c:\users\drew\Documents\Atmel Studio\7.0\usb_hid_i2c\usb_hid_i2c\ArduinoCore\Debug\libArduinoCore.a(Usb.o)
                0x0000304c                _ZN3USB7ctrlReqEhhhhhhjjjPhP13USBReadParser
 .text._ZN3USB11getDevDescrEhhjPh
                0x0000320c       0x4e c:\users\drew\Documents\Atmel Studio\7.0\usb_hid_i2c\usb_hid_i2c\ArduinoCore\Debug\libArduinoCore.a(Usb.o)
                0x0000320c                _ZN3USB11getDevDescrEhhjPh
 .text._ZN3USB12getConfDescrEhhjhPh
                0x0000325a       0x4e c:\users\drew\Documents\Atmel Studio\7.0\usb_hid_i2c\usb_hid_i2c\ArduinoCore\Debug\libArduinoCore.a(Usb.o)
                0x0000325a                _ZN3USB12getConfDescrEhhjhPh
 .text._ZN3USB12getConfDescrEhhhP13USBReadParser
                0x000032a8       0xba c:\users\drew\Documents\Atmel Studio\7.0\usb_hid_i2c\usb_hid_i2c\ArduinoCore\Debug\libArduinoCore.a(Usb.o)
                0x000032a8                _ZN3USB12getConfDescrEhhhP13USBReadParser
 .text._ZN3USB7setAddrEhhh
                0x00003362       0x5e c:\users\drew\Documents\Atmel Studio\7.0\usb_hid_i2c\usb_hid_i2c\ArduinoCore\Debug\libArduinoCore.a(Usb.o)
                0x00003362                _ZN3USB7setAddrEhhh
 .text._ZN3USB17DefaultAddressingEhhb
                0x000033c0       0x78 c:\users\drew\Documents\Atmel Studio\7.0\usb_hid_i2c\usb_hid_i2c\ArduinoCore\Debug\libArduinoCore.a(Usb.o)
                0x000033c0                _ZN3USB17DefaultAddressingEhhb
 .text._ZN3USB11ConfiguringEhhb
                0x00003438      0x206 c:\users\drew\Documents\Atmel Studio\7.0\usb_hid_i2c\usb_hid_i2c\ArduinoCore\Debug\libArduinoCore.a(Usb.o)
                0x00003438                _ZN3USB11ConfiguringEhhb
 .text._ZN3USB7setConfEhhh
                0x0000363e       0x4a c:\users\drew\Documents\Atmel Studio\7.0\usb_hid_i2c\usb_hid_i2c\ArduinoCore\Debug\libArduinoCore.a(Usb.o)
                0x0000363e                _ZN3USB7setConfEhhh
 .text._ZN3USB10inTransferEhhPjPhh
                0x00003688       0x72 c:\users\drew\Documents\Atmel Studio\7.0\usb_hid_i2c\usb_hid_i2c\ArduinoCore\Debug\libArduinoCore.a(Usb.o)
                0x00003688                _ZN3USB10inTransferEhhPjPhh
 .text._ZN3USB4TaskEv
                0x000036fa      0x1fa c:\users\drew\Documents\Atmel Studio\7.0\usb_hid_i2c\usb_hid_i2c\ArduinoCore\Debug\libArduinoCore.a(Usb.o)
                0x000036fa                _ZN3USB4TaskEv
 .text._ZN6USBHID14GetReportDescrEjP13USBReadParser
                0x000038f4       0x86 c:\users\drew\Documents\Atmel Studio\7.0\usb_hid_i2c\usb_hid_i2c\ArduinoCore\Debug\libArduinoCore.a(usbhid.o)
                0x000038f4                _ZN6USBHID14GetReportDescrEjP13USBReadParser
 .text._ZN6USBHID7SetIdleEhhh
                0x0000397a       0x54 c:\users\drew\Documents\Atmel Studio\7.0\usb_hid_i2c\usb_hid_i2c\ArduinoCore\Debug\libArduinoCore.a(usbhid.o)
                0x0000397a                _ZN6USBHID7SetIdleEhhh
 .text._ZN6USBHID11SetProtocolEhh
                0x000039ce       0x54 c:\users\drew\Documents\Atmel Studio\7.0\usb_hid_i2c\usb_hid_i2c\ArduinoCore\Debug\libArduinoCore.a(usbhid.o)
                0x000039ce                _ZN6USBHID11SetProtocolEhh
 .text._ZN6USBHub10GetAddressEv
                0x00003a22        0x6 c:\users\drew\Documents\Atmel Studio\7.0\usb_hid_i2c\usb_hid_i2c\ArduinoCore\Debug\libArduinoCore.a(usbhub.o)
                0x00003a22                _ZN6USBHub10GetAddressEv
 .text._ZN6USBHub10DEVCLASSOKEh
                0x00003a28        0xa c:\users\drew\Documents\Atmel Studio\7.0\usb_hid_i2c\usb_hid_i2c\ArduinoCore\Debug\libArduinoCore.a(usbhub.o)
                0x00003a28                _ZN6USBHub10DEVCLASSOKEh
 .text._ZN6USBHub7ReleaseEv
                0x00003a32       0x44 c:\users\drew\Documents\Atmel Studio\7.0\usb_hid_i2c\usb_hid_i2c\ArduinoCore\Debug\libArduinoCore.a(usbhub.o)
                0x00003a32                _ZN6USBHub7ReleaseEv
 .text._ZN6USBHub16ClearPortFeatureEhhh
                0x00003a76       0x56 c:\users\drew\Documents\Atmel Studio\7.0\usb_hid_i2c\usb_hid_i2c\ArduinoCore\Debug\libArduinoCore.a(usbhub.o)
                0x00003a76                _ZN6USBHub16ClearPortFeatureEhhh
 .text._ZN6USBHub13GetPortStatusEhjPh
                0x00003acc       0x52 c:\users\drew\Documents\Atmel Studio\7.0\usb_hid_i2c\usb_hid_i2c\ArduinoCore\Debug\libArduinoCore.a(usbhub.o)
                0x00003acc                _ZN6USBHub13GetPortStatusEhjPh
 .text._ZN6USBHub14SetPortFeatureEhhh
                0x00003b1e       0x56 c:\users\drew\Documents\Atmel Studio\7.0\usb_hid_i2c\usb_hid_i2c\ArduinoCore\Debug\libArduinoCore.a(usbhub.o)
                0x00003b1e                _ZN6USBHub14SetPortFeatureEhhh
 .text._ZN6USBHub4InitEhhb
                0x00003b74      0x29c c:\users\drew\Documents\Atmel Studio\7.0\usb_hid_i2c\usb_hid_i2c\ArduinoCore\Debug\libArduinoCore.a(usbhub.o)
                0x00003b74                _ZN6USBHub4InitEhhb
 .text._ZN6USBHub12ResetHubPortEh
                0x00003e10       0xc6 c:\users\drew\Documents\Atmel Studio\7.0\usb_hid_i2c\usb_hid_i2c\ArduinoCore\Debug\libArduinoCore.a(usbhub.o)
                0x00003e10                _ZN6USBHub12ResetHubPortEh
 .text._ZN6USBHubC2EP3USB
                0x00003ed6       0x64 c:\users\drew\Documents\Atmel Studio\7.0\usb_hid_i2c\usb_hid_i2c\ArduinoCore\Debug\libArduinoCore.a(usbhub.o)
                0x00003ed6                _ZN6USBHubC1EP3USB
                0x00003ed6                _ZN6USBHubC2EP3USB
 .text._ZN6USBHub16PortStatusChangeEhR8HubEvent
                0x00003f3a      0x118 c:\users\drew\Documents\Atmel Studio\7.0\usb_hid_i2c\usb_hid_i2c\ArduinoCore\Debug\libArduinoCore.a(usbhub.o)
                0x00003f3a                _ZN6USBHub16PortStatusChangeEhR8HubEvent
 .text._ZN6USBHub14CheckHubStatusEv
                0x00004052      0x106 c:\users\drew\Documents\Atmel Studio\7.0\usb_hid_i2c\usb_hid_i2c\ArduinoCore\Debug\libArduinoCore.a(usbhub.o)
                0x00004052                _ZN6USBHub14CheckHubStatusEv
 .text._ZN6USBHub4PollEv
                0x00004158       0x5e c:\users\drew\Documents\Atmel Studio\7.0\usb_hid_i2c\usb_hid_i2c\ArduinoCore\Debug\libArduinoCore.a(usbhub.o)
                0x00004158                _ZN6USBHub4PollEv
 .text._ZN7TwoWire9availableEv
                0x000041b6       0x10 c:\users\drew\Documents\Atmel Studio\7.0\usb_hid_i2c\usb_hid_i2c\ArduinoCore\Debug\libArduinoCore.a(Wire.o)
                0x000041b6                _ZN7TwoWire9availableEv
 .text._ZN7TwoWire4readEv
                0x000041c6       0x28 c:\users\drew\Documents\Atmel Studio\7.0\usb_hid_i2c\usb_hid_i2c\ArduinoCore\Debug\libArduinoCore.a(Wire.o)
                0x000041c6                _ZN7TwoWire4readEv
 .text._ZN7TwoWire4peekEv
                0x000041ee       0x1e c:\users\drew\Documents\Atmel Studio\7.0\usb_hid_i2c\usb_hid_i2c\ArduinoCore\Debug\libArduinoCore.a(Wire.o)
                0x000041ee                _ZN7TwoWire4peekEv
 .text._ZN7TwoWire5flushEv
                0x0000420c        0x2 c:\users\drew\Documents\Atmel Studio\7.0\usb_hid_i2c\usb_hid_i2c\ArduinoCore\Debug\libArduinoCore.a(Wire.o)
                0x0000420c                _ZN7TwoWire5flushEv
 .text._ZN7TwoWire16onReceiveServiceEPhi
                0x0000420e       0x54 c:\users\drew\Documents\Atmel Studio\7.0\usb_hid_i2c\usb_hid_i2c\ArduinoCore\Debug\libArduinoCore.a(Wire.o)
                0x0000420e                _ZN7TwoWire16onReceiveServiceEPhi
 .text._ZN7TwoWire16onRequestServiceEv
                0x00004262       0x18 c:\users\drew\Documents\Atmel Studio\7.0\usb_hid_i2c\usb_hid_i2c\ArduinoCore\Debug\libArduinoCore.a(Wire.o)
                0x00004262                _ZN7TwoWire16onRequestServiceEv
 .text._ZN7TwoWire5writeEPKhj
                0x0000427a       0x5a c:\users\drew\Documents\Atmel Studio\7.0\usb_hid_i2c\usb_hid_i2c\ArduinoCore\Debug\libArduinoCore.a(Wire.o)
                0x0000427a                _ZN7TwoWire5writeEPKhj
 .text._ZN7TwoWire5writeEh
                0x000042d4       0x5e c:\users\drew\Documents\Atmel Studio\7.0\usb_hid_i2c\usb_hid_i2c\ArduinoCore\Debug\libArduinoCore.a(Wire.o)
                0x000042d4                _ZN7TwoWire5writeEh
 .text._ZN7TwoWireC2Ev
                0x00004332       0x20 c:\users\drew\Documents\Atmel Studio\7.0\usb_hid_i2c\usb_hid_i2c\ArduinoCore\Debug\libArduinoCore.a(Wire.o)
                0x00004332                _ZN7TwoWireC1Ev
                0x00004332                _ZN7TwoWireC2Ev
 .text._ZN7TwoWire5beginEv
                0x00004352       0x24 c:\users\drew\Documents\Atmel Studio\7.0\usb_hid_i2c\usb_hid_i2c\ArduinoCore\Debug\libArduinoCore.a(Wire.o)
                0x00004352                _ZN7TwoWire5beginEv
 .text._ZN7TwoWire5beginEh
                0x00004376       0x10 c:\users\drew\Documents\Atmel Studio\7.0\usb_hid_i2c\usb_hid_i2c\ArduinoCore\Debug\libArduinoCore.a(Wire.o)
                0x00004376                _ZN7TwoWire5beginEh
 .text._ZN7TwoWire5beginEi
                0x00004386        0x4 c:\users\drew\Documents\Atmel Studio\7.0\usb_hid_i2c\usb_hid_i2c\ArduinoCore\Debug\libArduinoCore.a(Wire.o)
                0x00004386                _ZN7TwoWire5beginEi
 .text._ZN7TwoWire9onRequestEPFvvE
                0x0000438a        0xa c:\users\drew\Documents\Atmel Studio\7.0\usb_hid_i2c\usb_hid_i2c\ArduinoCore\Debug\libArduinoCore.a(Wire.o)
                0x0000438a                _ZN7TwoWire9onRequestEPFvvE
 .text.startup._GLOBAL__sub_I__ZN7TwoWire8rxBufferE
                0x00004394        0x8 c:\users\drew\Documents\Atmel Studio\7.0\usb_hid_i2c\usb_hid_i2c\ArduinoCore\Debug\libArduinoCore.a(Wire.o)
 .text.__empty  0x0000439c        0x2 c:\users\drew\Documents\Atmel Studio\7.0\usb_hid_i2c\usb_hid_i2c\ArduinoCore\Debug\libArduinoCore.a(hooks.o)
                0x0000439c                yield
 .text.pb_field_iter_begin
                0x0000439e       0x40 c:\users\drew\Documents\Atmel Studio\7.0\usb_hid_i2c\usb_hid_i2c\ArduinoCore\Debug\libArduinoCore.a(pb_common.o)
                0x0000439e                pb_field_iter_begin
 .text.pb_field_iter_next
                0x000043de       0xbc c:\users\drew\Documents\Atmel Studio\7.0\usb_hid_i2c\usb_hid_i2c\ArduinoCore\Debug\libArduinoCore.a(pb_common.o)
                0x000043de                pb_field_iter_next
 .text.twi_init
                0x0000449a       0x3c c:\users\drew\Documents\Atmel Studio\7.0\usb_hid_i2c\usb_hid_i2c\ArduinoCore\Debug\libArduinoCore.a(twi.o)
                0x0000449a                twi_init
 .text.twi_setAddress
                0x000044d6        0x8 c:\users\drew\Documents\Atmel Studio\7.0\usb_hid_i2c\usb_hid_i2c\ArduinoCore\Debug\libArduinoCore.a(twi.o)
                0x000044d6                twi_setAddress
 .text.twi_transmit
                0x000044de       0x50 c:\users\drew\Documents\Atmel Studio\7.0\usb_hid_i2c\usb_hid_i2c\ArduinoCore\Debug\libArduinoCore.a(twi.o)
                0x000044de                twi_transmit
 .text.twi_attachSlaveRxEvent
                0x0000452e        0xa c:\users\drew\Documents\Atmel Studio\7.0\usb_hid_i2c\usb_hid_i2c\ArduinoCore\Debug\libArduinoCore.a(twi.o)
                0x0000452e                twi_attachSlaveRxEvent
 .text.twi_attachSlaveTxEvent
                0x00004538        0xa c:\users\drew\Documents\Atmel Studio\7.0\usb_hid_i2c\usb_hid_i2c\ArduinoCore\Debug\libArduinoCore.a(twi.o)
                0x00004538                twi_attachSlaveTxEvent
 .text.twi_stop
                0x00004542       0x14 c:\users\drew\Documents\Atmel Studio\7.0\usb_hid_i2c\usb_hid_i2c\ArduinoCore\Debug\libArduinoCore.a(twi.o)
                0x00004542                twi_stop
 .text.twi_releaseBus
                0x00004556        0xc c:\users\drew\Documents\Atmel Studio\7.0\usb_hid_i2c\usb_hid_i2c\ArduinoCore\Debug\libArduinoCore.a(twi.o)
                0x00004556                twi_releaseBus
 .text.__vector_24
                0x00004562      0x25a c:\users\drew\Documents\Atmel Studio\7.0\usb_hid_i2c\usb_hid_i2c\ArduinoCore\Debug\libArduinoCore.a(twi.o)
                0x00004562                __vector_24
 .text.libgcc.div
                0x000047bc       0x44 c:/program files (x86)/atmel/studio/7.0/toolchain/avr8/avr8-gnu-toolchain/bin/../lib/gcc/avr/5.4.0/avr5\libgcc.a(_udivmodsi4.o)
                0x000047bc                __udivmodsi4
 .text.libgcc   0x00004800        0xc c:/program files (x86)/atmel/studio/7.0/toolchain/avr8/avr8-gnu-toolchain/bin/../lib/gcc/avr/5.4.0/avr5\libgcc.a(_tablejump2.o)
                0x00004800                __tablejump2__
 .text.libgcc.builtins
                0x0000480c       0x32 c:/program files (x86)/atmel/studio/7.0/toolchain/avr8/avr8-gnu-toolchain/bin/../lib/gcc/avr/5.4.0/avr5\libgcc.a(_ashldi3.o)
                0x0000480c                __ashldi3
 .text.libgcc.builtins
                0x0000483e       0x3c c:/program files (x86)/atmel/studio/7.0/toolchain/avr8/avr8-gnu-toolchain/bin/../lib/gcc/avr/5.4.0/avr5\libgcc.a(_ashrdi3.o)
                0x0000483e                __ashrdi3
                0x00004842                __lshrdi3
 .text.libgcc   0x0000487a       0x18 c:/program files (x86)/atmel/studio/7.0/toolchain/avr8/avr8-gnu-toolchain/bin/../lib/gcc/avr/5.4.0/avr5\libgcc.a(_cmpdi2_s8.o)
                0x0000487a                __cmpdi2_s8
 .text.avr-libc
                0x00004892      0x242 c:/program files (x86)/atmel/studio/7.0/toolchain/avr8/avr8-gnu-toolchain/bin/../lib/gcc/avr/5.4.0/../../../../avr/lib/avr5\libc.a(malloc.o)
                0x00004892                malloc
                0x000049c2                free
 .text.avr-libc
                0x00004ad4       0x12 c:/program files (x86)/atmel/studio/7.0/toolchain/avr8/avr8-gnu-toolchain/bin/../lib/gcc/avr/5.4.0/../../../../avr/lib/avr5\libc.a(memcpy.o)
                0x00004ad4                memcpy
 .text.avr-libc
                0x00004ae6        0xe c:/program files (x86)/atmel/studio/7.0/toolchain/avr8/avr8-gnu-toolchain/bin/../lib/gcc/avr/5.4.0/../../../../avr/lib/avr5\libc.a(memset.o)
                0x00004ae6                memset
                0x00004af4                . = ALIGN (0x2)
 *(.fini9)
 .fini9         0x00004af4        0x0 c:/program files (x86)/atmel/studio/7.0/toolchain/avr8/avr8-gnu-toolchain/bin/../lib/gcc/avr/5.4.0/avr5\libgcc.a(_exit.o)
                0x00004af4                _exit
                0x00004af4                exit
 *(.fini9)
 *(.fini8)
 *(.fini8)
 *(.fini7)
 *(.fini7)
 *(.fini6)
 *(.fini6)
 *(.fini5)
 *(.fini5)
 *(.fini4)
 *(.fini4)
 *(.fini3)
 *(.fini3)
 *(.fini2)
 *(.fini2)
 *(.fini1)
 *(.fini1)
 *(.fini0)
 .fini0         0x00004af4        0x4 c:/program files (x86)/atmel/studio/7.0/toolchain/avr8/avr8-gnu-toolchain/bin/../lib/gcc/avr/5.4.0/avr5\libgcc.a(_exit.o)
 *(.fini0)
                0x00004af8                _etext = .

.data           0x00800100      0x1f0 load address 0x00004af8
                0x00800100                PROVIDE (__data_start, .)
 *(.data)
 .data          0x00800100        0x6 c:/program files (x86)/atmel/studio/7.0/toolchain/avr8/avr8-gnu-toolchain/bin/../lib/gcc/avr/5.4.0/../../../../avr/lib/avr5\libc.a(malloc.o)
                0x00800100                __malloc_heap_end
                0x00800102                __malloc_heap_start
                0x00800104                __malloc_margin
 *(.data*)
 *(.gnu.linkonce.d*)
 *(.rodata)
 *(.rodata*)
 .rodata.MouseUpdate_fields
                0x00800106       0x20 hid.pb.o
                0x00800106                MouseUpdate_fields
 .rodata.str1.1
                0x00800126       0x69 Sketch.o
 .rodata._ZTV16ConfigDescParserILh3ELh1ELh2ELh7EE
                0x0080018f        0x6 Sketch.o
                0x0080018f                _ZTV16ConfigDescParserILh3ELh1ELh2ELh7EE
 .rodata._ZTV10SinkParserI13USBReadParserjjE
                0x00800195        0x6 Sketch.o
                0x00800195                _ZTV10SinkParserI13USBReadParserjjE
 .rodata._ZTV7HIDBootILh2EE
                0x0080019b       0x24 Sketch.o
                0x0080019b                _ZTV7HIDBootILh2EE
 .rodata._ZTV14MouseRptParser
                0x008001bf       0x14 Sketch.o
                0x008001bf                _ZTV14MouseRptParser
 .rodata._ZTV14HardwareSerial
                0x008001d3       0x10 c:\users\drew\Documents\Atmel Studio\7.0\usb_hid_i2c\usb_hid_i2c\ArduinoCore\Debug\libArduinoCore.a(HardwareSerial.o)
                0x008001d3                _ZTV14HardwareSerial
 .rodata.str1.1
                0x008001e3        0xf c:\users\drew\Documents\Atmel Studio\7.0\usb_hid_i2c\usb_hid_i2c\ArduinoCore\Debug\libArduinoCore.a(Print.o)
 .rodata.str1.1
                0x008001f2       0xb9 c:\users\drew\Documents\Atmel Studio\7.0\usb_hid_i2c\usb_hid_i2c\ArduinoCore\Debug\libArduinoCore.a(pb_encode.o)
 .rodata.PB_ENCODERS
                0x008002ab       0x14 c:\users\drew\Documents\Atmel Studio\7.0\usb_hid_i2c\usb_hid_i2c\ArduinoCore\Debug\libArduinoCore.a(pb_encode.o)
 .rodata._ZTV15AddressPoolImplILh16EE
                0x008002bf        0xa c:\users\drew\Documents\Atmel Studio\7.0\usb_hid_i2c\usb_hid_i2c\ArduinoCore\Debug\libArduinoCore.a(Usb.o)
                0x008002bf                _ZTV15AddressPoolImplILh16EE
 .rodata._ZTV6USBHub
                0x008002c9       0x16 c:\users\drew\Documents\Atmel Studio\7.0\usb_hid_i2c\usb_hid_i2c\ArduinoCore\Debug\libArduinoCore.a(usbhub.o)
                0x008002c9                _ZTV6USBHub
 .rodata._ZTV7TwoWire
                0x008002df       0x10 c:\users\drew\Documents\Atmel Studio\7.0\usb_hid_i2c\usb_hid_i2c\ArduinoCore\Debug\libArduinoCore.a(Wire.o)
                0x008002df                _ZTV7TwoWire
 *(.gnu.linkonce.r*)
                0x008002f0                . = ALIGN (0x2)
 *fill*         0x008002ef        0x1 
                0x008002f0                _edata = .
                0x008002f0                PROVIDE (__data_end, .)

.bss            0x008002f0      0x265
                0x008002f0                PROVIDE (__bss_start, .)
 *(.bss)
 *(.bss*)
 .bss._ZN8MAX3421eI4TPinI5PortbLh2EES0_IS1_Lh1EEE9vbusStateE
                0x008002f0        0x1 Sketch.o
                0x008002f0                _ZN8MAX3421eI4TPinI5PortbLh2EES0_IS1_Lh1EEE9vbusStateE
 .bss.Prs       0x008002f1        0x5 Sketch.o
                0x008002f1                Prs
 .bss.HidMouse  0x008002f6       0x1a Sketch.o
                0x008002f6                HidMouse
 .bss.Hub       0x00800310       0x11 Sketch.o
                0x00800310                Hub
 .bss.Usb       0x00800321       0x77 Sketch.o
                0x00800321                Usb
 .bss.stream    0x00800398        0xa Sketch.o
                0x00800398                stream
 .bss.mouse_update
                0x008003a2        0x5 Sketch.o
                0x008003a2                mouse_update
 .bss.status    0x008003a7        0x1 Sketch.o
                0x008003a7                status
 .bss.rec       0x008003a8       0x20 Sketch.o
                0x008003a8                rec
 .bss.q         0x008003c8       0x14 Sketch.o
                0x008003c8                q
 .bss.resetFunc
                0x008003dc        0x2 Sketch.o
                0x008003dc                resetFunc
 .bss.Serial    0x008003de       0x9d c:\users\drew\Documents\Atmel Studio\7.0\usb_hid_i2c\usb_hid_i2c\ArduinoCore\Debug\libArduinoCore.a(HardwareSerial0.o)
                0x008003de                Serial
 .bss.timer0_fract
                0x0080047b        0x1 c:\users\drew\Documents\Atmel Studio\7.0\usb_hid_i2c\usb_hid_i2c\ArduinoCore\Debug\libArduinoCore.a(wiring.o)
 .bss.timer0_millis
                0x0080047c        0x4 c:\users\drew\Documents\Atmel Studio\7.0\usb_hid_i2c\usb_hid_i2c\ArduinoCore\Debug\libArduinoCore.a(wiring.o)
                0x0080047c                timer0_millis
 .bss.timer0_overflow_count
                0x00800480        0x4 c:\users\drew\Documents\Atmel Studio\7.0\usb_hid_i2c\usb_hid_i2c\ArduinoCore\Debug\libArduinoCore.a(wiring.o)
                0x00800480                timer0_overflow_count
 .bss._ZN8SPIClass13interruptSaveE
                0x00800484        0x1 c:\users\drew\Documents\Atmel Studio\7.0\usb_hid_i2c\usb_hid_i2c\ArduinoCore\Debug\libArduinoCore.a(SPI.o)
                0x00800484                _ZN8SPIClass13interruptSaveE
 .bss._ZN8SPIClass13interruptMaskE
                0x00800485        0x1 c:\users\drew\Documents\Atmel Studio\7.0\usb_hid_i2c\usb_hid_i2c\ArduinoCore\Debug\libArduinoCore.a(SPI.o)
                0x00800485                _ZN8SPIClass13interruptMaskE
 .bss._ZN8SPIClass13interruptModeE
                0x00800486        0x1 c:\users\drew\Documents\Atmel Studio\7.0\usb_hid_i2c\usb_hid_i2c\ArduinoCore\Debug\libArduinoCore.a(SPI.o)
                0x00800486                _ZN8SPIClass13interruptModeE
 .bss._ZN8SPIClass11initializedE
                0x00800487        0x1 c:\users\drew\Documents\Atmel Studio\7.0\usb_hid_i2c\usb_hid_i2c\ArduinoCore\Debug\libArduinoCore.a(SPI.o)
                0x00800487                _ZN8SPIClass11initializedE
 .bss._ZZN3USB4TaskEvE5delay
                0x00800488        0x4 c:\users\drew\Documents\Atmel Studio\7.0\usb_hid_i2c\usb_hid_i2c\ArduinoCore\Debug\libArduinoCore.a(Usb.o)
 .bss._ZL14usb_task_state
                0x0080048c        0x1 c:\users\drew\Documents\Atmel Studio\7.0\usb_hid_i2c\usb_hid_i2c\ArduinoCore\Debug\libArduinoCore.a(Usb.o)
 .bss._ZN6USBHub15bResetInitiatedE
                0x0080048d        0x1 c:\users\drew\Documents\Atmel Studio\7.0\usb_hid_i2c\usb_hid_i2c\ArduinoCore\Debug\libArduinoCore.a(usbhub.o)
                0x0080048d                _ZN6USBHub15bResetInitiatedE
 .bss.Wire      0x0080048e        0xc c:\users\drew\Documents\Atmel Studio\7.0\usb_hid_i2c\usb_hid_i2c\ArduinoCore\Debug\libArduinoCore.a(Wire.o)
                0x0080048e                Wire
 .bss._ZN7TwoWire14user_onReceiveE
                0x0080049a        0x2 c:\users\drew\Documents\Atmel Studio\7.0\usb_hid_i2c\usb_hid_i2c\ArduinoCore\Debug\libArduinoCore.a(Wire.o)
                0x0080049a                _ZN7TwoWire14user_onReceiveE
 .bss._ZN7TwoWire14user_onRequestE
                0x0080049c        0x2 c:\users\drew\Documents\Atmel Studio\7.0\usb_hid_i2c\usb_hid_i2c\ArduinoCore\Debug\libArduinoCore.a(Wire.o)
                0x0080049c                _ZN7TwoWire14user_onRequestE
 .bss._ZN7TwoWire12transmittingE
                0x0080049e        0x1 c:\users\drew\Documents\Atmel Studio\7.0\usb_hid_i2c\usb_hid_i2c\ArduinoCore\Debug\libArduinoCore.a(Wire.o)
                0x0080049e                _ZN7TwoWire12transmittingE
 .bss._ZN7TwoWire14txBufferLengthE
                0x0080049f        0x1 c:\users\drew\Documents\Atmel Studio\7.0\usb_hid_i2c\usb_hid_i2c\ArduinoCore\Debug\libArduinoCore.a(Wire.o)
                0x0080049f                _ZN7TwoWire14txBufferLengthE
 .bss._ZN7TwoWire13txBufferIndexE
                0x008004a0        0x1 c:\users\drew\Documents\Atmel Studio\7.0\usb_hid_i2c\usb_hid_i2c\ArduinoCore\Debug\libArduinoCore.a(Wire.o)
                0x008004a0                _ZN7TwoWire13txBufferIndexE
 .bss._ZN7TwoWire8txBufferE
                0x008004a1       0x20 c:\users\drew\Documents\Atmel Studio\7.0\usb_hid_i2c\usb_hid_i2c\ArduinoCore\Debug\libArduinoCore.a(Wire.o)
                0x008004a1                _ZN7TwoWire8txBufferE
 .bss._ZN7TwoWire14rxBufferLengthE
                0x008004c1        0x1 c:\users\drew\Documents\Atmel Studio\7.0\usb_hid_i2c\usb_hid_i2c\ArduinoCore\Debug\libArduinoCore.a(Wire.o)
                0x008004c1                _ZN7TwoWire14rxBufferLengthE
 .bss._ZN7TwoWire13rxBufferIndexE
                0x008004c2        0x1 c:\users\drew\Documents\Atmel Studio\7.0\usb_hid_i2c\usb_hid_i2c\ArduinoCore\Debug\libArduinoCore.a(Wire.o)
                0x008004c2                _ZN7TwoWire13rxBufferIndexE
 .bss._ZN7TwoWire8rxBufferE
                0x008004c3       0x20 c:\users\drew\Documents\Atmel Studio\7.0\usb_hid_i2c\usb_hid_i2c\ArduinoCore\Debug\libArduinoCore.a(Wire.o)
                0x008004c3                _ZN7TwoWire8rxBufferE
 .bss.twi_error
                0x008004e3        0x1 c:\users\drew\Documents\Atmel Studio\7.0\usb_hid_i2c\usb_hid_i2c\ArduinoCore\Debug\libArduinoCore.a(twi.o)
 .bss.twi_rxBufferIndex
                0x008004e4        0x1 c:\users\drew\Documents\Atmel Studio\7.0\usb_hid_i2c\usb_hid_i2c\ArduinoCore\Debug\libArduinoCore.a(twi.o)
 .bss.twi_rxBuffer
                0x008004e5       0x20 c:\users\drew\Documents\Atmel Studio\7.0\usb_hid_i2c\usb_hid_i2c\ArduinoCore\Debug\libArduinoCore.a(twi.o)
 .bss.twi_txBufferLength
                0x00800505        0x1 c:\users\drew\Documents\Atmel Studio\7.0\usb_hid_i2c\usb_hid_i2c\ArduinoCore\Debug\libArduinoCore.a(twi.o)
 .bss.twi_txBufferIndex
                0x00800506        0x1 c:\users\drew\Documents\Atmel Studio\7.0\usb_hid_i2c\usb_hid_i2c\ArduinoCore\Debug\libArduinoCore.a(twi.o)
 .bss.twi_txBuffer
                0x00800507       0x20 c:\users\drew\Documents\Atmel Studio\7.0\usb_hid_i2c\usb_hid_i2c\ArduinoCore\Debug\libArduinoCore.a(twi.o)
 .bss.twi_masterBufferLength
                0x00800527        0x1 c:\users\drew\Documents\Atmel Studio\7.0\usb_hid_i2c\usb_hid_i2c\ArduinoCore\Debug\libArduinoCore.a(twi.o)
 .bss.twi_masterBufferIndex
                0x00800528        0x1 c:\users\drew\Documents\Atmel Studio\7.0\usb_hid_i2c\usb_hid_i2c\ArduinoCore\Debug\libArduinoCore.a(twi.o)
 .bss.twi_masterBuffer
                0x00800529       0x20 c:\users\drew\Documents\Atmel Studio\7.0\usb_hid_i2c\usb_hid_i2c\ArduinoCore\Debug\libArduinoCore.a(twi.o)
 .bss.twi_onSlaveReceive
                0x00800549        0x2 c:\users\drew\Documents\Atmel Studio\7.0\usb_hid_i2c\usb_hid_i2c\ArduinoCore\Debug\libArduinoCore.a(twi.o)
 .bss.twi_onSlaveTransmit
                0x0080054b        0x2 c:\users\drew\Documents\Atmel Studio\7.0\usb_hid_i2c\usb_hid_i2c\ArduinoCore\Debug\libArduinoCore.a(twi.o)
 .bss.twi_inRepStart
                0x0080054d        0x1 c:\users\drew\Documents\Atmel Studio\7.0\usb_hid_i2c\usb_hid_i2c\ArduinoCore\Debug\libArduinoCore.a(twi.o)
 .bss.twi_sendStop
                0x0080054e        0x1 c:\users\drew\Documents\Atmel Studio\7.0\usb_hid_i2c\usb_hid_i2c\ArduinoCore\Debug\libArduinoCore.a(twi.o)
 .bss.twi_slarw
                0x0080054f        0x1 c:\users\drew\Documents\Atmel Studio\7.0\usb_hid_i2c\usb_hid_i2c\ArduinoCore\Debug\libArduinoCore.a(twi.o)
 .bss.twi_state
                0x00800550        0x1 c:\users\drew\Documents\Atmel Studio\7.0\usb_hid_i2c\usb_hid_i2c\ArduinoCore\Debug\libArduinoCore.a(twi.o)
 *(COMMON)
 COMMON         0x00800551        0x4 c:/program files (x86)/atmel/studio/7.0/toolchain/avr8/avr8-gnu-toolchain/bin/../lib/gcc/avr/5.4.0/../../../../avr/lib/avr5\libc.a(malloc.o)
                0x00800551                __brkval
                0x00800553                __flp
                0x00800555                PROVIDE (__bss_end, .)
                0x00004af8                __data_load_start = LOADADDR (.data)
                0x00004ce8                __data_load_end = (__data_load_start + SIZEOF (.data))

.noinit         0x00800555        0x0
                [!provide]                PROVIDE (__noinit_start, .)
 *(.noinit*)
                [!provide]                PROVIDE (__noinit_end, .)
                0x00800555                _end = .
                0x00800555                PROVIDE (__heap_start, .)

.eeprom         0x00810000        0x0
 *(.eeprom*)
                0x00810000                __eeprom_end = .

.fuse
 *(.fuse)
 *(.lfuse)
 *(.hfuse)
 *(.efuse)

.lock
 *(.lock*)

.signature
 *(.signature*)

.user_signatures
 *(.user_signatures*)

.stab
 *(.stab)

.stabstr
 *(.stabstr)

.stab.excl
 *(.stab.excl)

.stab.exclstr
 *(.stab.exclstr)

.stab.index
 *(.stab.index)

.stab.indexstr
 *(.stab.indexstr)

.comment        0x00000000       0x30
 *(.comment)
 .comment       0x00000000       0x30 hid.pb.o
                                 0x31 (size before relaxing)
 .comment       0x00000030       0x31 Sketch.o
 .comment       0x00000030       0x31 c:\users\drew\Documents\Atmel Studio\7.0\usb_hid_i2c\usb_hid_i2c\ArduinoCore\Debug\libArduinoCore.a(HardwareSerial.o)
 .comment       0x00000030       0x31 c:\users\drew\Documents\Atmel Studio\7.0\usb_hid_i2c\usb_hid_i2c\ArduinoCore\Debug\libArduinoCore.a(HardwareSerial0.o)
 .comment       0x00000030       0x31 c:\users\drew\Documents\Atmel Studio\7.0\usb_hid_i2c\usb_hid_i2c\ArduinoCore\Debug\libArduinoCore.a(main.o)
 .comment       0x00000030       0x31 c:\users\drew\Documents\Atmel Studio\7.0\usb_hid_i2c\usb_hid_i2c\ArduinoCore\Debug\libArduinoCore.a(Print.o)
 .comment       0x00000030       0x31 c:\users\drew\Documents\Atmel Studio\7.0\usb_hid_i2c\usb_hid_i2c\ArduinoCore\Debug\libArduinoCore.a(wiring.o)
 .comment       0x00000030       0x31 c:\users\drew\Documents\Atmel Studio\7.0\usb_hid_i2c\usb_hid_i2c\ArduinoCore\Debug\libArduinoCore.a(wiring_digital.o)
 .comment       0x00000030       0x31 c:\users\drew\Documents\Atmel Studio\7.0\usb_hid_i2c\usb_hid_i2c\ArduinoCore\Debug\libArduinoCore.a(cQueue.o)
 .comment       0x00000030       0x31 c:\users\drew\Documents\Atmel Studio\7.0\usb_hid_i2c\usb_hid_i2c\ArduinoCore\Debug\libArduinoCore.a(pb_encode.o)
 .comment       0x00000030       0x31 c:\users\drew\Documents\Atmel Studio\7.0\usb_hid_i2c\usb_hid_i2c\ArduinoCore\Debug\libArduinoCore.a(SPI.o)
 .comment       0x00000030       0x31 c:\users\drew\Documents\Atmel Studio\7.0\usb_hid_i2c\usb_hid_i2c\ArduinoCore\Debug\libArduinoCore.a(hidboot.o)
 .comment       0x00000030       0x31 c:\users\drew\Documents\Atmel Studio\7.0\usb_hid_i2c\usb_hid_i2c\ArduinoCore\Debug\libArduinoCore.a(parsetools.o)
 .comment       0x00000030       0x31 c:\users\drew\Documents\Atmel Studio\7.0\usb_hid_i2c\usb_hid_i2c\ArduinoCore\Debug\libArduinoCore.a(Usb.o)
 .comment       0x00000030       0x31 c:\users\drew\Documents\Atmel Studio\7.0\usb_hid_i2c\usb_hid_i2c\ArduinoCore\Debug\libArduinoCore.a(usbhid.o)
 .comment       0x00000030       0x31 c:\users\drew\Documents\Atmel Studio\7.0\usb_hid_i2c\usb_hid_i2c\ArduinoCore\Debug\libArduinoCore.a(usbhub.o)
 .comment       0x00000030       0x31 c:\users\drew\Documents\Atmel Studio\7.0\usb_hid_i2c\usb_hid_i2c\ArduinoCore\Debug\libArduinoCore.a(Wire.o)
 .comment       0x00000030       0x31 c:\users\drew\Documents\Atmel Studio\7.0\usb_hid_i2c\usb_hid_i2c\ArduinoCore\Debug\libArduinoCore.a(hooks.o)
 .comment       0x00000030       0x31 c:\users\drew\Documents\Atmel Studio\7.0\usb_hid_i2c\usb_hid_i2c\ArduinoCore\Debug\libArduinoCore.a(pb_common.o)
 .comment       0x00000030       0x31 c:\users\drew\Documents\Atmel Studio\7.0\usb_hid_i2c\usb_hid_i2c\ArduinoCore\Debug\libArduinoCore.a(twi.o)
 .comment       0x00000030       0x31 c:/program files (x86)/atmel/studio/7.0/toolchain/avr8/avr8-gnu-toolchain/bin/../lib/gcc/avr/5.4.0/../../../../avr/lib/avr5\libc.a(malloc.o)

.note.gnu.avr.deviceinfo
                0x00000000       0x40
 .note.gnu.avr.deviceinfo
                0x00000000       0x40 C:/Program Files (x86)/Atmel/Studio/7.0/Packs/Atmel/ATmega_DFP/1.3.300/gcc/dev/atmega328p/avr5/crtatmega328p.o

.note.gnu.build-id
 *(.note.gnu.build-id)

.debug
 *(.debug)

.line
 *(.line)

.debug_srcinfo
 *(.debug_srcinfo)

.debug_sfnames
 *(.debug_sfnames)

.debug_aranges  0x00000000      0xa28
 *(.debug_aranges)
 .debug_aranges
                0x00000000       0x18 hid.pb.o
 .debug_aranges
                0x00000018      0x170 Sketch.o
 .debug_aranges
                0x00000188       0x68 c:\users\drew\Documents\Atmel Studio\7.0\usb_hid_i2c\usb_hid_i2c\ArduinoCore\Debug\libArduinoCore.a(HardwareSerial.o)
 .debug_aranges
                0x000001f0       0x38 c:\users\drew\Documents\Atmel Studio\7.0\usb_hid_i2c\usb_hid_i2c\ArduinoCore\Debug\libArduinoCore.a(HardwareSerial0.o)
 .debug_aranges
                0x00000228       0x30 c:\users\drew\Documents\Atmel Studio\7.0\usb_hid_i2c\usb_hid_i2c\ArduinoCore\Debug\libArduinoCore.a(main.o)
 .debug_aranges
                0x00000258       0xf0 c:\users\drew\Documents\Atmel Studio\7.0\usb_hid_i2c\usb_hid_i2c\ArduinoCore\Debug\libArduinoCore.a(Print.o)
 .debug_aranges
                0x00000348       0x48 c:\users\drew\Documents\Atmel Studio\7.0\usb_hid_i2c\usb_hid_i2c\ArduinoCore\Debug\libArduinoCore.a(wiring.o)
 .debug_aranges
                0x00000390       0x38 c:\users\drew\Documents\Atmel Studio\7.0\usb_hid_i2c\usb_hid_i2c\ArduinoCore\Debug\libArduinoCore.a(wiring_digital.o)
 .debug_aranges
                0x000003c8       0x50 c:\users\drew\Documents\Atmel Studio\7.0\usb_hid_i2c\usb_hid_i2c\ArduinoCore\Debug\libArduinoCore.a(cQueue.o)
 .debug_aranges
                0x00000418       0xe8 c:\users\drew\Documents\Atmel Studio\7.0\usb_hid_i2c\usb_hid_i2c\ArduinoCore\Debug\libArduinoCore.a(pb_encode.o)
 .debug_aranges
                0x00000500       0x38 c:\users\drew\Documents\Atmel Studio\7.0\usb_hid_i2c\usb_hid_i2c\ArduinoCore\Debug\libArduinoCore.a(SPI.o)
 .debug_aranges
                0x00000538       0xa8 c:\users\drew\Documents\Atmel Studio\7.0\usb_hid_i2c\usb_hid_i2c\ArduinoCore\Debug\libArduinoCore.a(hidboot.o)
 .debug_aranges
                0x000005e0       0x28 c:\users\drew\Documents\Atmel Studio\7.0\usb_hid_i2c\usb_hid_i2c\ArduinoCore\Debug\libArduinoCore.a(parsetools.o)
 .debug_aranges
                0x00000608      0x148 c:\users\drew\Documents\Atmel Studio\7.0\usb_hid_i2c\usb_hid_i2c\ArduinoCore\Debug\libArduinoCore.a(Usb.o)
 .debug_aranges
                0x00000750       0x58 c:\users\drew\Documents\Atmel Studio\7.0\usb_hid_i2c\usb_hid_i2c\ArduinoCore\Debug\libArduinoCore.a(usbhid.o)
 .debug_aranges
                0x000007a8       0xc8 c:\users\drew\Documents\Atmel Studio\7.0\usb_hid_i2c\usb_hid_i2c\ArduinoCore\Debug\libArduinoCore.a(usbhub.o)
 .debug_aranges
                0x00000870       0xe8 c:\users\drew\Documents\Atmel Studio\7.0\usb_hid_i2c\usb_hid_i2c\ArduinoCore\Debug\libArduinoCore.a(Wire.o)
 .debug_aranges
                0x00000958       0x20 c:\users\drew\Documents\Atmel Studio\7.0\usb_hid_i2c\usb_hid_i2c\ArduinoCore\Debug\libArduinoCore.a(hooks.o)
 .debug_aranges
                0x00000978       0x30 c:\users\drew\Documents\Atmel Studio\7.0\usb_hid_i2c\usb_hid_i2c\ArduinoCore\Debug\libArduinoCore.a(pb_common.o)
 .debug_aranges
                0x000009a8       0x80 c:\users\drew\Documents\Atmel Studio\7.0\usb_hid_i2c\usb_hid_i2c\ArduinoCore\Debug\libArduinoCore.a(twi.o)

.debug_pubnames
 *(.debug_pubnames)

.debug_info     0x00000000    0x279a7
 *(.debug_info .gnu.linkonce.wi.*)
 .debug_info    0x00000000      0x5f4 C:/Program Files (x86)/Atmel/Studio/7.0/Packs/Atmel/ATmega_DFP/1.3.300/gcc/dev/atmega328p/avr5/crtatmega328p.o
 .debug_info    0x000005f4      0x1e9 hid.pb.o
 .debug_info    0x000007dd     0x8627 Sketch.o
 .debug_info    0x00008e04     0x1eae c:\users\drew\Documents\Atmel Studio\7.0\usb_hid_i2c\usb_hid_i2c\ArduinoCore\Debug\libArduinoCore.a(HardwareSerial.o)
 .debug_info    0x0000acb2     0x1a99 c:\users\drew\Documents\Atmel Studio\7.0\usb_hid_i2c\usb_hid_i2c\ArduinoCore\Debug\libArduinoCore.a(HardwareSerial0.o)
 .debug_info    0x0000c74b      0x237 c:\users\drew\Documents\Atmel Studio\7.0\usb_hid_i2c\usb_hid_i2c\ArduinoCore\Debug\libArduinoCore.a(main.o)
 .debug_info    0x0000c982     0x285e c:\users\drew\Documents\Atmel Studio\7.0\usb_hid_i2c\usb_hid_i2c\ArduinoCore\Debug\libArduinoCore.a(Print.o)
 .debug_info    0x0000f1e0      0x2cb c:\users\drew\Documents\Atmel Studio\7.0\usb_hid_i2c\usb_hid_i2c\ArduinoCore\Debug\libArduinoCore.a(wiring.o)
 .debug_info    0x0000f4ab      0x5fe c:\users\drew\Documents\Atmel Studio\7.0\usb_hid_i2c\usb_hid_i2c\ArduinoCore\Debug\libArduinoCore.a(wiring_digital.o)
 .debug_info    0x0000faa9      0x496 c:\users\drew\Documents\Atmel Studio\7.0\usb_hid_i2c\usb_hid_i2c\ArduinoCore\Debug\libArduinoCore.a(cQueue.o)
 .debug_info    0x0000ff3f     0x1ab8 c:\users\drew\Documents\Atmel Studio\7.0\usb_hid_i2c\usb_hid_i2c\ArduinoCore\Debug\libArduinoCore.a(pb_encode.o)
 .debug_info    0x000119f7      0x66b c:\users\drew\Documents\Atmel Studio\7.0\usb_hid_i2c\usb_hid_i2c\ArduinoCore\Debug\libArduinoCore.a(SPI.o)
 .debug_info    0x00012062     0x5e3a c:\users\drew\Documents\Atmel Studio\7.0\usb_hid_i2c\usb_hid_i2c\ArduinoCore\Debug\libArduinoCore.a(hidboot.o)
 .debug_info    0x00017e9c      0x874 c:\users\drew\Documents\Atmel Studio\7.0\usb_hid_i2c\usb_hid_i2c\ArduinoCore\Debug\libArduinoCore.a(parsetools.o)
 .debug_info    0x00018710     0x4087 c:\users\drew\Documents\Atmel Studio\7.0\usb_hid_i2c\usb_hid_i2c\ArduinoCore\Debug\libArduinoCore.a(Usb.o)
 .debug_info    0x0001c797     0x5446 c:\users\drew\Documents\Atmel Studio\7.0\usb_hid_i2c\usb_hid_i2c\ArduinoCore\Debug\libArduinoCore.a(usbhid.o)
 .debug_info    0x00021bdd     0x2d5c c:\users\drew\Documents\Atmel Studio\7.0\usb_hid_i2c\usb_hid_i2c\ArduinoCore\Debug\libArduinoCore.a(usbhub.o)
 .debug_info    0x00024939     0x2733 c:\users\drew\Documents\Atmel Studio\7.0\usb_hid_i2c\usb_hid_i2c\ArduinoCore\Debug\libArduinoCore.a(Wire.o)
 .debug_info    0x0002706c       0x3e c:\users\drew\Documents\Atmel Studio\7.0\usb_hid_i2c\usb_hid_i2c\ArduinoCore\Debug\libArduinoCore.a(hooks.o)
 .debug_info    0x000270aa      0x2f9 c:\users\drew\Documents\Atmel Studio\7.0\usb_hid_i2c\usb_hid_i2c\ArduinoCore\Debug\libArduinoCore.a(pb_common.o)
 .debug_info    0x000273a3      0x604 c:\users\drew\Documents\Atmel Studio\7.0\usb_hid_i2c\usb_hid_i2c\ArduinoCore\Debug\libArduinoCore.a(twi.o)

.debug_abbrev   0x00000000     0x50f3
 *(.debug_abbrev)
 .debug_abbrev  0x00000000      0x5a2 C:/Program Files (x86)/Atmel/Studio/7.0/Packs/Atmel/ATmega_DFP/1.3.300/gcc/dev/atmega328p/avr5/crtatmega328p.o
 .debug_abbrev  0x000005a2       0xb2 hid.pb.o
 .debug_abbrev  0x00000654      0xa32 Sketch.o
 .debug_abbrev  0x00001086      0x441 c:\users\drew\Documents\Atmel Studio\7.0\usb_hid_i2c\usb_hid_i2c\ArduinoCore\Debug\libArduinoCore.a(HardwareSerial.o)
 .debug_abbrev  0x000014c7      0x3a2 c:\users\drew\Documents\Atmel Studio\7.0\usb_hid_i2c\usb_hid_i2c\ArduinoCore\Debug\libArduinoCore.a(HardwareSerial0.o)
 .debug_abbrev  0x00001869      0x12d c:\users\drew\Documents\Atmel Studio\7.0\usb_hid_i2c\usb_hid_i2c\ArduinoCore\Debug\libArduinoCore.a(main.o)
 .debug_abbrev  0x00001996      0x469 c:\users\drew\Documents\Atmel Studio\7.0\usb_hid_i2c\usb_hid_i2c\ArduinoCore\Debug\libArduinoCore.a(Print.o)
 .debug_abbrev  0x00001dff      0x146 c:\users\drew\Documents\Atmel Studio\7.0\usb_hid_i2c\usb_hid_i2c\ArduinoCore\Debug\libArduinoCore.a(wiring.o)
 .debug_abbrev  0x00001f45      0x15b c:\users\drew\Documents\Atmel Studio\7.0\usb_hid_i2c\usb_hid_i2c\ArduinoCore\Debug\libArduinoCore.a(wiring_digital.o)
 .debug_abbrev  0x000020a0      0x1fd c:\users\drew\Documents\Atmel Studio\7.0\usb_hid_i2c\usb_hid_i2c\ArduinoCore\Debug\libArduinoCore.a(cQueue.o)
 .debug_abbrev  0x0000229d      0x44e c:\users\drew\Documents\Atmel Studio\7.0\usb_hid_i2c\usb_hid_i2c\ArduinoCore\Debug\libArduinoCore.a(pb_encode.o)
 .debug_abbrev  0x000026eb      0x283 c:\users\drew\Documents\Atmel Studio\7.0\usb_hid_i2c\usb_hid_i2c\ArduinoCore\Debug\libArduinoCore.a(SPI.o)
 .debug_abbrev  0x0000296e      0x62f c:\users\drew\Documents\Atmel Studio\7.0\usb_hid_i2c\usb_hid_i2c\ArduinoCore\Debug\libArduinoCore.a(hidboot.o)
 .debug_abbrev  0x00002f9d      0x30d c:\users\drew\Documents\Atmel Studio\7.0\usb_hid_i2c\usb_hid_i2c\ArduinoCore\Debug\libArduinoCore.a(parsetools.o)
 .debug_abbrev  0x000032aa      0x8c6 c:\users\drew\Documents\Atmel Studio\7.0\usb_hid_i2c\usb_hid_i2c\ArduinoCore\Debug\libArduinoCore.a(Usb.o)
 .debug_abbrev  0x00003b70      0x563 c:\users\drew\Documents\Atmel Studio\7.0\usb_hid_i2c\usb_hid_i2c\ArduinoCore\Debug\libArduinoCore.a(usbhid.o)
 .debug_abbrev  0x000040d3      0x6ff c:\users\drew\Documents\Atmel Studio\7.0\usb_hid_i2c\usb_hid_i2c\ArduinoCore\Debug\libArduinoCore.a(usbhub.o)
 .debug_abbrev  0x000047d2      0x583 c:\users\drew\Documents\Atmel Studio\7.0\usb_hid_i2c\usb_hid_i2c\ArduinoCore\Debug\libArduinoCore.a(Wire.o)
 .debug_abbrev  0x00004d55       0x2a c:\users\drew\Documents\Atmel Studio\7.0\usb_hid_i2c\usb_hid_i2c\ArduinoCore\Debug\libArduinoCore.a(hooks.o)
 .debug_abbrev  0x00004d7f      0x114 c:\users\drew\Documents\Atmel Studio\7.0\usb_hid_i2c\usb_hid_i2c\ArduinoCore\Debug\libArduinoCore.a(pb_common.o)
 .debug_abbrev  0x00004e93      0x260 c:\users\drew\Documents\Atmel Studio\7.0\usb_hid_i2c\usb_hid_i2c\ArduinoCore\Debug\libArduinoCore.a(twi.o)

.debug_line     0x00000000     0x67d1
 *(.debug_line .debug_line.* .debug_line_end)
 .debug_line    0x00000000      0x133 C:/Program Files (x86)/Atmel/Studio/7.0/Packs/Atmel/ATmega_DFP/1.3.300/gcc/dev/atmega328p/avr5/crtatmega328p.o
 .debug_line    0x00000133       0xe8 hid.pb.o
 .debug_line    0x0000021b      0xed8 Sketch.o
 .debug_line    0x000010f3      0x42d c:\users\drew\Documents\Atmel Studio\7.0\usb_hid_i2c\usb_hid_i2c\ArduinoCore\Debug\libArduinoCore.a(HardwareSerial.o)
 .debug_line    0x00001520      0x26c c:\users\drew\Documents\Atmel Studio\7.0\usb_hid_i2c\usb_hid_i2c\ArduinoCore\Debug\libArduinoCore.a(HardwareSerial0.o)
 .debug_line    0x0000178c      0x17a c:\users\drew\Documents\Atmel Studio\7.0\usb_hid_i2c\usb_hid_i2c\ArduinoCore\Debug\libArduinoCore.a(main.o)
 .debug_line    0x00001906      0x63b c:\users\drew\Documents\Atmel Studio\7.0\usb_hid_i2c\usb_hid_i2c\ArduinoCore\Debug\libArduinoCore.a(Print.o)
 .debug_line    0x00001f41      0x2af c:\users\drew\Documents\Atmel Studio\7.0\usb_hid_i2c\usb_hid_i2c\ArduinoCore\Debug\libArduinoCore.a(wiring.o)
 .debug_line    0x000021f0      0x267 c:\users\drew\Documents\Atmel Studio\7.0\usb_hid_i2c\usb_hid_i2c\ArduinoCore\Debug\libArduinoCore.a(wiring_digital.o)
 .debug_line    0x00002457      0x383 c:\users\drew\Documents\Atmel Studio\7.0\usb_hid_i2c\usb_hid_i2c\ArduinoCore\Debug\libArduinoCore.a(cQueue.o)
 .debug_line    0x000027da      0x97e c:\users\drew\Documents\Atmel Studio\7.0\usb_hid_i2c\usb_hid_i2c\ArduinoCore\Debug\libArduinoCore.a(pb_encode.o)
 .debug_line    0x00003158      0x2f8 c:\users\drew\Documents\Atmel Studio\7.0\usb_hid_i2c\usb_hid_i2c\ArduinoCore\Debug\libArduinoCore.a(SPI.o)
 .debug_line    0x00003450      0x5f1 c:\users\drew\Documents\Atmel Studio\7.0\usb_hid_i2c\usb_hid_i2c\ArduinoCore\Debug\libArduinoCore.a(hidboot.o)
 .debug_line    0x00003a41      0x342 c:\users\drew\Documents\Atmel Studio\7.0\usb_hid_i2c\usb_hid_i2c\ArduinoCore\Debug\libArduinoCore.a(parsetools.o)
 .debug_line    0x00003d83     0x10ff c:\users\drew\Documents\Atmel Studio\7.0\usb_hid_i2c\usb_hid_i2c\ArduinoCore\Debug\libArduinoCore.a(Usb.o)
 .debug_line    0x00004e82      0x35a c:\users\drew\Documents\Atmel Studio\7.0\usb_hid_i2c\usb_hid_i2c\ArduinoCore\Debug\libArduinoCore.a(usbhid.o)
 .debug_line    0x000051dc      0x8b4 c:\users\drew\Documents\Atmel Studio\7.0\usb_hid_i2c\usb_hid_i2c\ArduinoCore\Debug\libArduinoCore.a(usbhub.o)
 .debug_line    0x00005a90      0x591 c:\users\drew\Documents\Atmel Studio\7.0\usb_hid_i2c\usb_hid_i2c\ArduinoCore\Debug\libArduinoCore.a(Wire.o)
 .debug_line    0x00006021       0x41 c:\users\drew\Documents\Atmel Studio\7.0\usb_hid_i2c\usb_hid_i2c\ArduinoCore\Debug\libArduinoCore.a(hooks.o)
 .debug_line    0x00006062      0x265 c:\users\drew\Documents\Atmel Studio\7.0\usb_hid_i2c\usb_hid_i2c\ArduinoCore\Debug\libArduinoCore.a(pb_common.o)
 .debug_line    0x000062c7      0x50a c:\users\drew\Documents\Atmel Studio\7.0\usb_hid_i2c\usb_hid_i2c\ArduinoCore\Debug\libArduinoCore.a(twi.o)

.debug_frame    0x00000000     0x244c
 *(.debug_frame)
 .debug_frame   0x00000000      0x440 Sketch.o
 .debug_frame   0x00000440      0x110 c:\users\drew\Documents\Atmel Studio\7.0\usb_hid_i2c\usb_hid_i2c\ArduinoCore\Debug\libArduinoCore.a(HardwareSerial.o)
 .debug_frame   0x00000550       0xc0 c:\users\drew\Documents\Atmel Studio\7.0\usb_hid_i2c\usb_hid_i2c\ArduinoCore\Debug\libArduinoCore.a(HardwareSerial0.o)
 .debug_frame   0x00000610       0x54 c:\users\drew\Documents\Atmel Studio\7.0\usb_hid_i2c\usb_hid_i2c\ArduinoCore\Debug\libArduinoCore.a(main.o)
 .debug_frame   0x00000664      0x38c c:\users\drew\Documents\Atmel Studio\7.0\usb_hid_i2c\usb_hid_i2c\ArduinoCore\Debug\libArduinoCore.a(Print.o)
 .debug_frame   0x000009f0       0xc4 c:\users\drew\Documents\Atmel Studio\7.0\usb_hid_i2c\usb_hid_i2c\ArduinoCore\Debug\libArduinoCore.a(wiring.o)
 .debug_frame   0x00000ab4       0x7c c:\users\drew\Documents\Atmel Studio\7.0\usb_hid_i2c\usb_hid_i2c\ArduinoCore\Debug\libArduinoCore.a(wiring_digital.o)
 .debug_frame   0x00000b30       0xd8 c:\users\drew\Documents\Atmel Studio\7.0\usb_hid_i2c\usb_hid_i2c\ArduinoCore\Debug\libArduinoCore.a(cQueue.o)
 .debug_frame   0x00000c08      0x468 c:\users\drew\Documents\Atmel Studio\7.0\usb_hid_i2c\usb_hid_i2c\ArduinoCore\Debug\libArduinoCore.a(pb_encode.o)
 .debug_frame   0x00001070       0x5c c:\users\drew\Documents\Atmel Studio\7.0\usb_hid_i2c\usb_hid_i2c\ArduinoCore\Debug\libArduinoCore.a(SPI.o)
 .debug_frame   0x000010cc      0x1d8 c:\users\drew\Documents\Atmel Studio\7.0\usb_hid_i2c\usb_hid_i2c\ArduinoCore\Debug\libArduinoCore.a(hidboot.o)
 .debug_frame   0x000012a4       0x7c c:\users\drew\Documents\Atmel Studio\7.0\usb_hid_i2c\usb_hid_i2c\ArduinoCore\Debug\libArduinoCore.a(parsetools.o)
 .debug_frame   0x00001320      0x79c c:\users\drew\Documents\Atmel Studio\7.0\usb_hid_i2c\usb_hid_i2c\ArduinoCore\Debug\libArduinoCore.a(Usb.o)
 .debug_frame   0x00001abc      0x240 c:\users\drew\Documents\Atmel Studio\7.0\usb_hid_i2c\usb_hid_i2c\ArduinoCore\Debug\libArduinoCore.a(usbhid.o)
 .debug_frame   0x00001cfc      0x32c c:\users\drew\Documents\Atmel Studio\7.0\usb_hid_i2c\usb_hid_i2c\ArduinoCore\Debug\libArduinoCore.a(usbhub.o)
 .debug_frame   0x00002028      0x260 c:\users\drew\Documents\Atmel Studio\7.0\usb_hid_i2c\usb_hid_i2c\ArduinoCore\Debug\libArduinoCore.a(Wire.o)
 .debug_frame   0x00002288       0x24 c:\users\drew\Documents\Atmel Studio\7.0\usb_hid_i2c\usb_hid_i2c\ArduinoCore\Debug\libArduinoCore.a(hooks.o)
 .debug_frame   0x000022ac       0x6c c:\users\drew\Documents\Atmel Studio\7.0\usb_hid_i2c\usb_hid_i2c\ArduinoCore\Debug\libArduinoCore.a(pb_common.o)
 .debug_frame   0x00002318      0x134 c:\users\drew\Documents\Atmel Studio\7.0\usb_hid_i2c\usb_hid_i2c\ArduinoCore\Debug\libArduinoCore.a(twi.o)

.debug_str      0x00000000     0xb13b
 *(.debug_str)
 .debug_str     0x00000000      0x208 C:/Program Files (x86)/Atmel/Studio/7.0/Packs/Atmel/ATmega_DFP/1.3.300/gcc/dev/atmega328p/avr5/crtatmega328p.o
 .debug_str     0x00000208      0x284 hid.pb.o
                                0x2fb (size before relaxing)
 .debug_str     0x0000048c     0x75c3 Sketch.o
                               0x7a5d (size before relaxing)
 .debug_str     0x00007a4f     0x12c1 c:\users\drew\Documents\Atmel Studio\7.0\usb_hid_i2c\usb_hid_i2c\ArduinoCore\Debug\libArduinoCore.a(HardwareSerial.o)
                               0x15fd (size before relaxing)
 .debug_str     0x00008d10       0x55 c:\users\drew\Documents\Atmel Studio\7.0\usb_hid_i2c\usb_hid_i2c\ArduinoCore\Debug\libArduinoCore.a(HardwareSerial0.o)
                               0x13d6 (size before relaxing)
 .debug_str     0x00008d65       0x37 c:\users\drew\Documents\Atmel Studio\7.0\usb_hid_i2c\usb_hid_i2c\ArduinoCore\Debug\libArduinoCore.a(main.o)
                                0x2b2 (size before relaxing)
 .debug_str     0x00008d9c      0x3b7 c:\users\drew\Documents\Atmel Studio\7.0\usb_hid_i2c\usb_hid_i2c\ArduinoCore\Debug\libArduinoCore.a(Print.o)
                               0x11f7 (size before relaxing)
 .debug_str     0x00009153       0x79 c:\users\drew\Documents\Atmel Studio\7.0\usb_hid_i2c\usb_hid_i2c\ArduinoCore\Debug\libArduinoCore.a(wiring.o)
                                0x248 (size before relaxing)
 .debug_str     0x000091cc       0xc2 c:\users\drew\Documents\Atmel Studio\7.0\usb_hid_i2c\usb_hid_i2c\ArduinoCore\Debug\libArduinoCore.a(wiring_digital.o)
                                0x2ad (size before relaxing)
 .debug_str     0x0000928e       0x7c c:\users\drew\Documents\Atmel Studio\7.0\usb_hid_i2c\usb_hid_i2c\ArduinoCore\Debug\libArduinoCore.a(cQueue.o)
                                0x2a4 (size before relaxing)
 .debug_str     0x0000930a      0x43c c:\users\drew\Documents\Atmel Studio\7.0\usb_hid_i2c\usb_hid_i2c\ArduinoCore\Debug\libArduinoCore.a(pb_encode.o)
                                0x77b (size before relaxing)
 .debug_str     0x00009746       0xa4 c:\users\drew\Documents\Atmel Studio\7.0\usb_hid_i2c\usb_hid_i2c\ArduinoCore\Debug\libArduinoCore.a(SPI.o)
                                0x6ab (size before relaxing)
 .debug_str     0x000097ea      0x5f6 c:\users\drew\Documents\Atmel Studio\7.0\usb_hid_i2c\usb_hid_i2c\ArduinoCore\Debug\libArduinoCore.a(hidboot.o)
                               0x68e4 (size before relaxing)
 .debug_str     0x00009de0      0x122 c:\users\drew\Documents\Atmel Studio\7.0\usb_hid_i2c\usb_hid_i2c\ArduinoCore\Debug\libArduinoCore.a(parsetools.o)
                                0x81c (size before relaxing)
 .debug_str     0x00009f02      0x5d3 c:\users\drew\Documents\Atmel Studio\7.0\usb_hid_i2c\usb_hid_i2c\ArduinoCore\Debug\libArduinoCore.a(Usb.o)
                               0x1d2c (size before relaxing)
 .debug_str     0x0000a4d5       0xb1 c:\users\drew\Documents\Atmel Studio\7.0\usb_hid_i2c\usb_hid_i2c\ArduinoCore\Debug\libArduinoCore.a(usbhid.o)
                               0x6241 (size before relaxing)
 .debug_str     0x0000a586      0x498 c:\users\drew\Documents\Atmel Studio\7.0\usb_hid_i2c\usb_hid_i2c\ArduinoCore\Debug\libArduinoCore.a(usbhub.o)
                               0x1bbe (size before relaxing)
 .debug_str     0x0000aa1e      0x564 c:\users\drew\Documents\Atmel Studio\7.0\usb_hid_i2c\usb_hid_i2c\ArduinoCore\Debug\libArduinoCore.a(Wire.o)
                               0x188f (size before relaxing)
 .debug_str     0x0000af82       0x1c c:\users\drew\Documents\Atmel Studio\7.0\usb_hid_i2c\usb_hid_i2c\ArduinoCore\Debug\libArduinoCore.a(hooks.o)
                                0x13d (size before relaxing)
 .debug_str     0x0000af9e       0x4c c:\users\drew\Documents\Atmel Studio\7.0\usb_hid_i2c\usb_hid_i2c\ArduinoCore\Debug\libArduinoCore.a(pb_common.o)
                                0x31b (size before relaxing)
 .debug_str     0x0000afea      0x151 c:\users\drew\Documents\Atmel Studio\7.0\usb_hid_i2c\usb_hid_i2c\ArduinoCore\Debug\libArduinoCore.a(twi.o)
                                0x3c8 (size before relaxing)

.debug_loc      0x00000000     0xe089
 *(.debug_loc)
 .debug_loc     0x00000000     0x1458 Sketch.o
 .debug_loc     0x00001458      0x3ef c:\users\drew\Documents\Atmel Studio\7.0\usb_hid_i2c\usb_hid_i2c\ArduinoCore\Debug\libArduinoCore.a(HardwareSerial.o)
 .debug_loc     0x00001847      0x18a c:\users\drew\Documents\Atmel Studio\7.0\usb_hid_i2c\usb_hid_i2c\ArduinoCore\Debug\libArduinoCore.a(HardwareSerial0.o)
 .debug_loc     0x000019d1     0x1c61 c:\users\drew\Documents\Atmel Studio\7.0\usb_hid_i2c\usb_hid_i2c\ArduinoCore\Debug\libArduinoCore.a(Print.o)
 .debug_loc     0x00003632      0x28d c:\users\drew\Documents\Atmel Studio\7.0\usb_hid_i2c\usb_hid_i2c\ArduinoCore\Debug\libArduinoCore.a(wiring.o)
 .debug_loc     0x000038bf      0x5fc c:\users\drew\Documents\Atmel Studio\7.0\usb_hid_i2c\usb_hid_i2c\ArduinoCore\Debug\libArduinoCore.a(wiring_digital.o)
 .debug_loc     0x00003ebb      0x530 c:\users\drew\Documents\Atmel Studio\7.0\usb_hid_i2c\usb_hid_i2c\ArduinoCore\Debug\libArduinoCore.a(cQueue.o)
 .debug_loc     0x000043eb     0x292b c:\users\drew\Documents\Atmel Studio\7.0\usb_hid_i2c\usb_hid_i2c\ArduinoCore\Debug\libArduinoCore.a(pb_encode.o)
 .debug_loc     0x00006d16      0x1e4 c:\users\drew\Documents\Atmel Studio\7.0\usb_hid_i2c\usb_hid_i2c\ArduinoCore\Debug\libArduinoCore.a(SPI.o)
 .debug_loc     0x00006efa      0x9da c:\users\drew\Documents\Atmel Studio\7.0\usb_hid_i2c\usb_hid_i2c\ArduinoCore\Debug\libArduinoCore.a(hidboot.o)
 .debug_loc     0x000078d4      0x260 c:\users\drew\Documents\Atmel Studio\7.0\usb_hid_i2c\usb_hid_i2c\ArduinoCore\Debug\libArduinoCore.a(parsetools.o)
 .debug_loc     0x00007b34     0x3651 c:\users\drew\Documents\Atmel Studio\7.0\usb_hid_i2c\usb_hid_i2c\ArduinoCore\Debug\libArduinoCore.a(Usb.o)
 .debug_loc     0x0000b185      0xb33 c:\users\drew\Documents\Atmel Studio\7.0\usb_hid_i2c\usb_hid_i2c\ArduinoCore\Debug\libArduinoCore.a(usbhid.o)
 .debug_loc     0x0000bcb8     0x120e c:\users\drew\Documents\Atmel Studio\7.0\usb_hid_i2c\usb_hid_i2c\ArduinoCore\Debug\libArduinoCore.a(usbhub.o)
 .debug_loc     0x0000cec6      0xbc0 c:\users\drew\Documents\Atmel Studio\7.0\usb_hid_i2c\usb_hid_i2c\ArduinoCore\Debug\libArduinoCore.a(Wire.o)
 .debug_loc     0x0000da86      0x21d c:\users\drew\Documents\Atmel Studio\7.0\usb_hid_i2c\usb_hid_i2c\ArduinoCore\Debug\libArduinoCore.a(pb_common.o)
 .debug_loc     0x0000dca3      0x3e6 c:\users\drew\Documents\Atmel Studio\7.0\usb_hid_i2c\usb_hid_i2c\ArduinoCore\Debug\libArduinoCore.a(twi.o)

.debug_macinfo
 *(.debug_macinfo)

.debug_weaknames
 *(.debug_weaknames)

.debug_funcnames
 *(.debug_funcnames)

.debug_typenames
 *(.debug_typenames)

.debug_varnames
 *(.debug_varnames)

.debug_pubtypes
 *(.debug_pubtypes)

.debug_ranges   0x00000000      0xb10
 *(.debug_ranges)
 .debug_ranges  0x00000000      0x1f8 Sketch.o
 .debug_ranges  0x000001f8       0x58 c:\users\drew\Documents\Atmel Studio\7.0\usb_hid_i2c\usb_hid_i2c\ArduinoCore\Debug\libArduinoCore.a(HardwareSerial.o)
 .debug_ranges  0x00000250       0x28 c:\users\drew\Documents\Atmel Studio\7.0\usb_hid_i2c\usb_hid_i2c\ArduinoCore\Debug\libArduinoCore.a(HardwareSerial0.o)
 .debug_ranges  0x00000278       0x20 c:\users\drew\Documents\Atmel Studio\7.0\usb_hid_i2c\usb_hid_i2c\ArduinoCore\Debug\libArduinoCore.a(main.o)
 .debug_ranges  0x00000298      0x110 c:\users\drew\Documents\Atmel Studio\7.0\usb_hid_i2c\usb_hid_i2c\ArduinoCore\Debug\libArduinoCore.a(Print.o)
 .debug_ranges  0x000003a8       0x38 c:\users\drew\Documents\Atmel Studio\7.0\usb_hid_i2c\usb_hid_i2c\ArduinoCore\Debug\libArduinoCore.a(wiring.o)
 .debug_ranges  0x000003e0       0x28 c:\users\drew\Documents\Atmel Studio\7.0\usb_hid_i2c\usb_hid_i2c\ArduinoCore\Debug\libArduinoCore.a(wiring_digital.o)
 .debug_ranges  0x00000408       0x40 c:\users\drew\Documents\Atmel Studio\7.0\usb_hid_i2c\usb_hid_i2c\ArduinoCore\Debug\libArduinoCore.a(cQueue.o)
 .debug_ranges  0x00000448      0x168 c:\users\drew\Documents\Atmel Studio\7.0\usb_hid_i2c\usb_hid_i2c\ArduinoCore\Debug\libArduinoCore.a(pb_encode.o)
 .debug_ranges  0x000005b0       0x28 c:\users\drew\Documents\Atmel Studio\7.0\usb_hid_i2c\usb_hid_i2c\ArduinoCore\Debug\libArduinoCore.a(SPI.o)
 .debug_ranges  0x000005d8       0x98 c:\users\drew\Documents\Atmel Studio\7.0\usb_hid_i2c\usb_hid_i2c\ArduinoCore\Debug\libArduinoCore.a(hidboot.o)
 .debug_ranges  0x00000670       0x30 c:\users\drew\Documents\Atmel Studio\7.0\usb_hid_i2c\usb_hid_i2c\ArduinoCore\Debug\libArduinoCore.a(parsetools.o)
 .debug_ranges  0x000006a0      0x1c8 c:\users\drew\Documents\Atmel Studio\7.0\usb_hid_i2c\usb_hid_i2c\ArduinoCore\Debug\libArduinoCore.a(Usb.o)
 .debug_ranges  0x00000868       0x48 c:\users\drew\Documents\Atmel Studio\7.0\usb_hid_i2c\usb_hid_i2c\ArduinoCore\Debug\libArduinoCore.a(usbhid.o)
 .debug_ranges  0x000008b0       0xd0 c:\users\drew\Documents\Atmel Studio\7.0\usb_hid_i2c\usb_hid_i2c\ArduinoCore\Debug\libArduinoCore.a(usbhub.o)
 .debug_ranges  0x00000980       0xd8 c:\users\drew\Documents\Atmel Studio\7.0\usb_hid_i2c\usb_hid_i2c\ArduinoCore\Debug\libArduinoCore.a(Wire.o)
 .debug_ranges  0x00000a58       0x10 c:\users\drew\Documents\Atmel Studio\7.0\usb_hid_i2c\usb_hid_i2c\ArduinoCore\Debug\libArduinoCore.a(hooks.o)
 .debug_ranges  0x00000a68       0x38 c:\users\drew\Documents\Atmel Studio\7.0\usb_hid_i2c\usb_hid_i2c\ArduinoCore\Debug\libArduinoCore.a(pb_common.o)
 .debug_ranges  0x00000aa0       0x70 c:\users\drew\Documents\Atmel Studio\7.0\usb_hid_i2c\usb_hid_i2c\ArduinoCore\Debug\libArduinoCore.a(twi.o)

.debug_macro
 *(.debug_macro)
OUTPUT(USBHIDBootMouse.elf elf32-avr)
LOAD linker stubs
